66.249.73.173 - - [22/Apr/2017:11:23:40 +0700] "GET /media/system/js/zozo_tabs_v.6.5/source/zozo.tabs.core.min.css HTTP/1.1" 404 580 "http://cpanel.banhangonline88.com/cong-nghiep-va-xay-dung/thiet-bi-dien-nuoc/vat-tu-thiet-bi-nuoc/product/6222-seagate-barracuda-160gbsata.html" "Mozilla/5.0 (compatible; Googlebot/2.1; +http://www.google.com/bot.html)"
66.249.73.169 - - [22/Apr/2017:11:23:41 +0700] "GET /media/system/js/zozo_tabs_v.6.5/source/zozo.tabs.clean.min.css HTTP/1.1" 404 582 "http://cpanel.banhangonline88.com/cong-nghiep-va-xay-dung/thiet-bi-dien-nuoc/vat-tu-thiet-bi-nuoc/product/6222-seagate-barracuda-160gbsata.html" "Mozilla/5.0 (compatible; Googlebot/2.1; +http://www.google.com/bot.html)"
66.249.73.173 - - [22/Apr/2017:11:23:41 +0700] "GET /media/system/js/zozo_tabs_v.6.5/source/zozo.tabs.vertical.min.css HTTP/1.1" 404 584 "http://cpanel.banhangonline88.com/cong-nghiep-va-xay-dung/thiet-bi-dien-nuoc/vat-tu-thiet-bi-nuoc/product/6222-seagate-barracuda-160gbsata.html" "Mozilla/5.0 (compatible; Googlebot/2.1; +http://www.google.com/bot.html)"
66.249.73.177 - - [22/Apr/2017:11:23:42 +0700] "GET /modules/mod_easysocial_login/styles/style.min.css HTTP/1.1" 404 569 "http://cpanel.banhangonline88.com/cong-nghiep-va-xay-dung/thiet-bi-dien-nuoc/vat-tu-thiet-bi-nuoc/product/6222-seagate-barracuda-160gbsata.html" "Mozilla/5.0 (compatible; Googlebot/2.1; +http://www.google.com/bot.html)"
66.249.73.173 - - [22/Apr/2017:11:23:42 +0700] "GET /modules/mod_menu/assests/less/homeverticalmenutag.min.css HTTP/1.1" 404 576 "http://cpanel.banhangonline88.com/cong-nghiep-va-xay-dung/thiet-bi-dien-nuoc/vat-tu-thiet-bi-nuoc/product/6222-seagate-barracuda-160gbsata.html" "Mozilla/5.0 (compatible; Googlebot/2.1; +http://www.google.com/bot.html)"
66.249.73.169 - - [22/Apr/2017:11:23:42 +0700] "GET /modules/mod_menu/assests/less/hompagetopleftmenu.min.css HTTP/1.1" 404 576 "http://cpanel.banhangonline88.com/cong-nghiep-va-xay-dung/thiet-bi-dien-nuoc/vat-tu-thiet-bi-nuoc/product/6222-seagate-barracuda-160gbsata.html" "Mozilla/5.0 (compatible; Googlebot/2.1; +http://www.google.com/bot.html)"
66.249.73.169 - - [22/Apr/2017:11:23:43 +0700] "GET /media/system/js/zozo_tabs_v.6.5/source/zozo.tabs.grid.min.css HTTP/1.1" 404 580 "http://cpanel.banhangonline88.com/cong-nghiep-va-xay-dung/thiet-bi-dien-nuoc/vat-tu-thiet-bi-nuoc/product/6222-seagate-barracuda-160gbsata.html" "Mozilla/5.0 (compatible; Googlebot/2.1; +http://www.google.com/bot.html)"
66.249.73.169 - - [22/Apr/2017:11:23:43 +0700] "GET /components/com_easysocial/themes/wireframe/styles/base.min.css HTTP/1.1" 404 581 "http://cpanel.banhangonline88.com/cong-nghiep-va-xay-dung/thiet-bi-dien-nuoc/vat-tu-thiet-bi-nuoc/product/6222-seagate-barracuda-160gbsata.html" "Mozilla/5.0 (compatible; Googlebot/2.1; +http://www.google.com/bot.html)"
66.249.73.173 - - [22/Apr/2017:11:23:44 +0700] "GET /media/system/js/slick-master/slick/slick-theme.min.css HTTP/1.1" 404 574 "http://cpanel.banhangonline88.com/cong-nghiep-va-xay-dung/thiet-bi-dien-nuoc/vat-tu-thiet-bi-nuoc/product/6222-seagate-barracuda-160gbsata.html" "Mozilla/5.0 (compatible; Googlebot/2.1; +http://www.google.com/bot.html)"
66.249.73.173 - - [22/Apr/2017:11:23:44 +0700] "GET /media/system/css/modal.min.css HTTP/1.1" 404 549 "http://cpanel.banhangonline88.com/cong-nghiep-va-xay-dung/thiet-bi-dien-nuoc/vat-tu-thiet-bi-nuoc/product/6222-seagate-barracuda-160gbsata.html" "Mozilla/5.0 (compatible; Googlebot/2.1; +http://www.google.com/bot.html)"
66.249.73.169 - - [22/Apr/2017:11:23:45 +0700] "GET /media/system/js/zozo_tabs_v.6.5/source-flat/zozo.tabs.flat.mobile.min.css HTTP/1.1" 404 593 "http://cpanel.banhangonline88.com/cong-nghiep-va-xay-dung/thiet-bi-dien-nuoc/vat-tu-thiet-bi-nuoc/product/6222-seagate-barracuda-160gbsata.html" "Mozilla/5.0 (compatible; Googlebot/2.1; +http://www.google.com/bot.html)"
66.249.73.169 - - [22/Apr/2017:11:23:45 +0700] "GET /media/system/js/zozo_tabs_v.6.5/source-flat/zozo.tabs.flat.styles.min.css HTTP/1.1" 404 592 "http://cpanel.banhangonline88.com/cong-nghiep-va-xay-dung/thiet-bi-dien-nuoc/vat-tu-thiet-bi-nuoc/product/6222-seagate-barracuda-160gbsata.html" "Mozilla/5.0 (compatible; Googlebot/2.1; +http://www.google.com/bot.html)"
66.249.73.169 - - [22/Apr/2017:11:23:46 +0700] "GET /media/system/js/zozo_tabs_v.6.5/css/zozo.tabs.min.css HTTP/1.1" 404 572 "http://cpanel.banhangonline88.com/cong-nghiep-va-xay-dung/thiet-bi-dien-nuoc/vat-tu-thiet-bi-nuoc/product/6222-seagate-barracuda-160gbsata.html" "Mozilla/5.0 (compatible; Googlebot/2.1; +http://www.google.com/bot.html)"
66.249.73.169 - - [22/Apr/2017:11:23:46 +0700] "GET /media/system/js/zozo_tabs_v.6.5/source/zozo.tabs.underlined.min.css HTTP/1.1" 404 586 "http://cpanel.banhangonline88.com/cong-nghiep-va-xay-dung/thiet-bi-dien-nuoc/vat-tu-thiet-bi-nuoc/product/6222-seagate-barracuda-160gbsata.html" "Mozilla/5.0 (compatible; Googlebot/2.1; +http://www.google.com/bot.html)"
66.249.73.169 - - [22/Apr/2017:11:23:46 +0700] "GET /modules/mod_pageload/assets/less/style.min.css HTTP/1.1" 404 565 "http://cpanel.banhangonline88.com/cong-nghiep-va-xay-dung/thiet-bi-dien-nuoc/vat-tu-thiet-bi-nuoc/product/6222-seagate-barracuda-160gbsata.html" "Mozilla/5.0 (compatible; Googlebot/2.1; +http://www.google.com/bot.html)"
66.249.73.169 - - [22/Apr/2017:11:23:47 +0700] "GET /media/system/js/icheck-1.x/skins/flat/_all.min.css HTTP/1.1" 404 569 "http://cpanel.banhangonline88.com/cong-nghiep-va-xay-dung/thiet-bi-dien-nuoc/vat-tu-thiet-bi-nuoc/product/6222-seagate-barracuda-160gbsata.html" "Mozilla/5.0 (compatible; Googlebot/2.1; +http://www.google.com/bot.html)"
66.249.73.169 - - [22/Apr/2017:11:23:47 +0700] "GET /media/system/js/jquery.avgrund.js-master/style/avgrund.min.css HTTP/1.1" 404 581 "http://cpanel.banhangonline88.com/cong-nghiep-va-xay-dung/thiet-bi-dien-nuoc/vat-tu-thiet-bi-nuoc/product/6222-seagate-barracuda-160gbsata.html" "Mozilla/5.0 (compatible; Googlebot/2.1; +http://www.google.com/bot.html)"
66.249.73.169 - - [22/Apr/2017:11:23:48 +0700] "GET /media/system/js/malihu-custom-scrollbar-plugin-master/jquery.mCustomScrollbar.min.css HTTP/1.1" 404 604 "http://cpanel.banhangonline88.com/cong-nghiep-va-xay-dung/thiet-bi-dien-nuoc/vat-tu-thiet-bi-nuoc/product/6222-seagate-barracuda-160gbsata.html" "Mozilla/5.0 (compatible; Googlebot/2.1; +http://www.google.com/bot.html)"
66.249.73.169 - - [22/Apr/2017:11:23:48 +0700] "GET /media/system/js/zozo_tabs_v.6.5/source/zozo.tabs.mobile.min.css HTTP/1.1" 404 582 "http://cpanel.banhangonline88.com/cong-nghiep-va-xay-dung/thiet-bi-dien-nuoc/vat-tu-thiet-bi-nuoc/product/6222-seagate-barracuda-160gbsata.html" "Mozilla/5.0 (compatible; Googlebot/2.1; +http://www.google.com/bot.html)"
66.249.73.169 - - [22/Apr/2017:11:23:49 +0700] "GET /media/system/js/zozo_tabs_v.6.5/source/zozo.tabs.themes.min.css HTTP/1.1" 404 582 "http://cpanel.banhangonline88.com/cong-nghiep-va-xay-dung/thiet-bi-dien-nuoc/vat-tu-thiet-bi-nuoc/product/6222-seagate-barracuda-160gbsata.html" "Mozilla/5.0 (compatible; Googlebot/2.1; +http://www.google.com/bot.html)"
66.249.73.169 - - [22/Apr/2017:11:23:49 +0700] "GET /media/system/js/jquery-flexdatalist-1.9.2/jquery.flexdatalist.min.css HTTP/1.1" 404 588 "http://cpanel.banhangonline88.com/cong-nghiep-va-xay-dung/thiet-bi-dien-nuoc/vat-tu-thiet-bi-nuoc/product/6222-seagate-barracuda-160gbsata.html" "Mozilla/5.0 (compatible; Googlebot/2.1; +http://www.google.com/bot.html)"
66.249.73.169 - - [22/Apr/2017:11:23:50 +0700] "GET /components/com_jchat/css/templates/default.min.css HTTP/1.1" 404 569 "http://cpanel.banhangonline88.com/cong-nghiep-va-xay-dung/thiet-bi-dien-nuoc/vat-tu-thiet-bi-nuoc/product/6222-seagate-barracuda-160gbsata.html" "Mozilla/5.0 (compatible; Googlebot/2.1; +http://www.google.com/bot.html)"
66.249.73.169 - - [22/Apr/2017:11:23:52 +0700] "POST /cong-nghiep-va-xay-dung/thiet-bi-dien-nuoc/vat-tu-thiet-bi-nuoc/product/undefinedindex.php?option=com_jchat&format=json HTTP/1.1" 404 610 "http://cpanel.banhangonline88.com/cong-nghiep-va-xay-dung/thiet-bi-dien-nuoc/vat-tu-thiet-bi-nuoc/product/6222-seagate-barracuda-160gbsata.html" "Mozilla/5.0 (compatible; Googlebot/2.1; +http://www.google.com/bot.html)"
5.255.250.97 - - [22/Apr/2017:11:24:28 +0700] "GET /the-thao/bilac-yo2/product/5167-cisco-telepresence-sx80-codec-kit.html HTTP/1.1" 404 590 "-" "Mozilla/5.0 (compatible; YandexBot/3.0; +http://yandex.com/bots)"
5.255.250.97 - - [22/Apr/2017:11:24:38 +0700] "GET /may-tinh-linh-kien-x4a/product/3988-tru-di-dong-303344.html HTTP/1.1" 404 579 "-" "Mozilla/5.0 (compatible; YandexBot/3.0; +http://yandex.com/bots)"
5.255.250.97 - - [22/Apr/2017:11:25:13 +0700] "GET /dien-tu-dien-may/product/5643-camera-giam-sat-visinet-vs-ahd6b25-ir2.html HTTP/1.1" 404 593 "-" "Mozilla/5.0 (compatible; YandexBot/3.0; +http://yandex.com/bots)"
5.255.250.64 - - [22/Apr/2017:11:26:35 +0700] "GET /component/hikashop/product/5742-tay-game-khong-day-n1-w320.html HTTP/1.1" 404 583 "-" "Mozilla/5.0 (compatible; YandexBot/3.0; +http://yandex.com/bots)"
51.255.173.13 - - [22/Apr/2017:11:26:40 +0700] "GET /robots.txt HTTP/1.1" 404 530 "-" "Mozilla/5.0 (compatible; MJ12bot/v1.4.7; http://mj12bot.com/)"
51.255.173.13 - - [22/Apr/2017:11:26:46 +0700] "GET /component/hikashop/product/6964-thu%E1%BB%9Fng-th%E1%BB%A9c-tr%E1%BB%8Dn-v%E1%BB%8B-buffet-nh%E1%BA%ADt-b%E1%BA%A3n-t%E1%BA%A1i-sapporo-sushi-club-dolphin-plaza.html HTTP/1.1" 404 587 "-" "Mozilla/5.0 (compatible; MJ12bot/v1.4.7; http://mj12bot.com/)"
66.249.65.195 - - [22/Apr/2017:11:28:43 +0700] "GET /images/com_hikashop/upload/afh1275365764.jpg HTTP/1.1" 404 564 "-" "Googlebot-Image/1.0"
66.249.65.253 - - [22/Apr/2017:11:29:17 +0700] "GET /dich-vu-giai-tri-du-lich/dich-vu-van-tai-van-chuyen/ve-may-bay-dyw/product/3135-quat-huong-truc-gan-ong-tf200.html HTTP/1.1" 404 634 "-" "Mozilla/5.0 (compatible; Googlebot/2.1; +http://www.google.com/bot.html)"
5.255.250.97 - - [22/Apr/2017:11:30:59 +0700] "GET /mua-chung/product/3133-may-lam-mat-khong-khi-sumika-d55.html HTTP/1.1" 404 580 "-" "Mozilla/5.0 (compatible; YandexBot/3.0; +http://yandex.com/bots)"
::1 - - [22/Apr/2017:11:34:52 +0700] "OPTIONS * HTTP/1.0" 200 112
127.0.0.1 - - [22/Apr/2017:11:35:26 +0700] "GET /?option=com_ars&view=update&task=stream&format=xml&id=2 HTTP/1.1" 200 275
::1 - - [22/Apr/2017:11:35:38 +0700] "OPTIONS * HTTP/1.0" 200 112
::1 - - [22/Apr/2017:11:35:45 +0700] "OPTIONS * HTTP/1.0" 200 112
5.255.250.97 - - [22/Apr/2017:11:37:08 +0700] "GET /cong-nghiep-va-xay-dung/thiet-bi-dien-nuoc/product/3340-mieng-dan-cuong-luc-motorola-droid-turbo-2.html HTTP/1.1" 404 623 "-" "Mozilla/5.0 (compatible; YandexBot/3.0; +http://yandex.com/bots)"
5.255.250.97 - - [22/Apr/2017:11:37:18 +0700] "GET /the-thao/patin-5xd/product/2222-vi-da-nam-vi2andg123d0.html HTTP/1.1" 404 579 "-" "Mozilla/5.0 (compatible; YandexBot/3.0; +http://yandex.com/bots)"
::1 - - [22/Apr/2017:11:37:51 +0700] "OPTIONS * HTTP/1.0" 200 112
::1 - - [22/Apr/2017:11:37:52 +0700] "OPTIONS * HTTP/1.0" 200 112
::1 - - [22/Apr/2017:11:37:53 +0700] "OPTIONS * HTTP/1.0" 200 112
::1 - - [22/Apr/2017:11:38:17 +0700] "OPTIONS * HTTP/1.0" 200 112
79.110.131.126 - - [22/Apr/2017:11:38:17 +0700] "GET / HTTP/1.0" 200 294 "http://forum.banhangonline88.com/" "Mozilla/5.0 (Windows NT 6.1; WOW64) AppleWebKit/537.36 (KHTML, like Gecko) Chrome/47.0.2526.111 YaBrowser/16.2.0.3539 Safari/537.36"
::1 - - [22/Apr/2017:11:38:18 +0700] "OPTIONS * HTTP/1.0" 200 112
::1 - - [22/Apr/2017:11:38:19 +0700] "OPTIONS * HTTP/1.0" 200 112
5.255.250.97 - - [22/Apr/2017:11:38:19 +0700] "GET /thoi-trang-va-phu-kien/product/4819-sach-tieng-anh-3d-magical-english.html HTTP/1.1" 404 594 "-" "Mozilla/5.0 (compatible; YandexBot/3.0; +http://yandex.com/bots)"
66.249.73.169 - - [22/Apr/2017:11:38:23 +0700] "GET /component/hikashop/product/cid-114.html HTTP/1.1" 404 559 "-" "Mozilla/5.0 (compatible; Googlebot/2.1; +http://www.google.com/bot.html)"
5.255.250.97 - - [22/Apr/2017:11:38:49 +0700] "GET /may-tinh-linh-kien-x4a/product/2622-vi-da-nam-vi2andg031n0.html HTTP/1.1" 404 583 "-" "Mozilla/5.0 (compatible; YandexBot/3.0; +http://yandex.com/bots)"
5.255.250.97 - - [22/Apr/2017:11:39:15 +0700] "GET /mua-chung/product/5402-man-hinh-kinh-cam-ung-ipad-3-black.html HTTP/1.1" 404 582 "-" "Mozilla/5.0 (compatible; YandexBot/3.0; +http://yandex.com/bots)"
141.8.143.195 - - [22/Apr/2017:11:39:48 +0700] "GET /component/hikamarket/vendor/show/6-shoponline24.html HTTP/1.1" 404 572 "-" "Mozilla/5.0 (compatible; YandexBot/3.0; +http://yandex.com/bots)"
5.255.250.97 - - [22/Apr/2017:11:39:54 +0700] "GET /thoi-trang-va-phu-kien/product/3029-tui-xach-nu-tx5tldk004v4.html HTTP/1.1" 404 585 "-" "Mozilla/5.0 (compatible; YandexBot/3.0; +http://yandex.com/bots)"
5.255.250.97 - - [22/Apr/2017:11:39:56 +0700] "GET /cong-nghiep-va-xay-dung/product/3784-nuoc-lau-nha-multipine-g101-20l.html HTTP/1.1" 404 592 "-" "Mozilla/5.0 (compatible; YandexBot/3.0; +http://yandex.com/bots)"
5.255.250.97 - - [22/Apr/2017:11:40:37 +0700] "GET /thoi-trang-va-phu-kien/product/457-day-lung-nam-dl2a7dm417d0.html HTTP/1.1" 404 585 "-" "Mozilla/5.0 (compatible; YandexBot/3.0; +http://yandex.com/bots)"
66.249.73.169 - - [22/Apr/2017:11:42:03 +0700] "GET /images/com_hikashop/upload/thumbnails/300x250f/gno1381905425.jpg HTTP/1.1" 404 584 "-" "Googlebot-Image/1.0"
66.249.73.173 - - [22/Apr/2017:11:44:25 +0700] "GET /the-thao/cau-long/product/3918-gang-tay-nu-pgm-golf-gloves-for-lady-pair-st009.html HTTP/1.1" 404 603 "-" "Mozilla/5.0 (compatible; Googlebot/2.1; +http://www.google.com/bot.html)"
185.122.170.57 - - [22/Apr/2017:11:45:44 +0700] "GET /index.php?option=com_easyblog&lang=&Itemid=3264 HTTP/1.0" 404 492 "http://cpanel.banhangonline88.com/" "Mozilla/5.0 (Windows NT 6.1; WOW64; rv:33.0) Gecko/20100101 Firefox/33.0"
185.122.170.57 - - [22/Apr/2017:11:45:45 +0700] "GET / HTTP/1.1" 200 331 "http://cpanel.banhangonline88.com" "Mozilla/5.0 (Windows NT 6.1; WOW64; rv:33.0) Gecko/20100101 Firefox/33.0"
66.249.73.169 - - [22/Apr/2017:11:46:16 +0700] "GET /media/com_easysocial/config/591c2a12aab9a9065d42e2e786dfecaa.js HTTP/1.1" 404 583 "http://cpanel.banhangonline88.com/dich-vu-giai-tri-du-lich/giao-duc/dao-tao-lai-xe.html" "Mozilla/5.0 (compatible; Googlebot/2.1; +http://www.google.com/bot.html)"
66.249.73.173 - - [22/Apr/2017:11:48:12 +0700] "GET /thoi-trang-va-phu-kien/thoi-trang-nam/product/3696-may-in-date-bang-tay-dy-5.html HTTP/1.1" 404 601 "-" "Mozilla/5.0 (compatible; Googlebot/2.1; +http://www.google.com/bot.html)"
5.255.250.97 - - [22/Apr/2017:11:48:57 +0700] "GET / HTTP/1.1" 200 331 "-" "Mozilla/5.0 (compatible; YandexBot/3.0; +http://yandex.com/bots)"
77.88.47.77 - - [22/Apr/2017:11:48:57 +0700] "GET / HTTP/1.1" 200 331 "-" "Mozilla/5.0 (compatible; YandexBot/3.0; +http://yandex.com/bots)"
5.255.250.97 - - [22/Apr/2017:11:49:29 +0700] "GET / HTTP/1.1" 200 331 "-" "Mozilla/5.0 (compatible; YandexBot/3.0; +http://yandex.com/bots)"
66.249.73.173 - - [22/Apr/2017:11:51:59 +0700] "GET /thoi-trang-va-phu-kien/thoi-trang-nam/product/4088-xe-dap-tap-the-duc-p0608a.html HTTP/1.1" 404 601 "-" "Mozilla/5.0 (compatible; Googlebot/2.1; +http://www.google.com/bot.html)"
5.255.250.97 - - [22/Apr/2017:11:55:07 +0700] "GET /may-anh-may-quay-zw6/product/5539-thiet-ke-noi-that-khach-san-hien-dai-kt-ks4.html HTTP/1.1" 404 602 "-" "Mozilla/5.0 (compatible; YandexBot/3.0; +http://yandex.com/bots)"
141.8.143.181 - - [22/Apr/2017:11:55:08 +0700] "GET /component/hikashop/product/5312-ke-ti-vi-go-tram-ktv01.html HTTP/1.1" 404 579 "-" "Mozilla/5.0 (compatible; YandexBot/3.0; +http://yandex.com/bots)"
5.255.250.97 - - [22/Apr/2017:11:55:09 +0700] "GET /component/hikashop/product/2477-keo-deo-trai-cay-fruit-snacks.html HTTP/1.1" 404 585 "-" "Mozilla/5.0 (compatible; YandexBot/3.0; +http://yandex.com/bots)"
5.255.250.97 - - [22/Apr/2017:11:55:11 +0700] "GET /sach-van-phong-qua-tang/thiet-bi-giao-duc/product/4868-ong-nhom-breaker-onbk750x-7x50.html HTTP/1.1" 404 609 "-" "Mozilla/5.0 (compatible; YandexBot/3.0; +http://yandex.com/bots)"
5.255.250.97 - - [22/Apr/2017:11:55:23 +0700] "GET /component/hikashop/product/6326-android-tivi-box-mxq-pro-4k.html HTTP/1.1" 404 584 "-" "Mozilla/5.0 (compatible; YandexBot/3.0; +http://yandex.com/bots)"
5.255.250.97 - - [22/Apr/2017:11:55:33 +0700] "GET /o-to-xe-may-xe-dap-uoq/co-khi-xe-may.html HTTP/1.1" 404 561 "-" "Mozilla/5.0 (compatible; YandexBot/3.0; +http://yandex.com/bots)"
66.249.73.169 - - [22/Apr/2017:11:55:46 +0700] "GET /dien-tu-dien-may/thiet-bi-theo-mua/product/4755-hoa-hong-bat-tu-hop-tim-guong.html HTTP/1.1" 404 602 "-" "Mozilla/5.0 (compatible; Googlebot/2.1; +http://www.google.com/bot.html)"
66.249.73.173 - - [22/Apr/2017:12:03:20 +0700] "GET /dien-tu-dien-may/thiet-bi-theo-mua/may-lam-sua-chua-2/product/2112-vi-da-nam-vi2andg146v4.html HTTP/1.1" 404 614 "-" "Mozilla/5.0 (compatible; Googlebot/2.1; +http://www.google.com/bot.html)"
66.249.73.173 - - [22/Apr/2017:12:07:07 +0700] "GET /categories-listing/product/5199-cap-laptop-cong-so-kity-bags-0150.html HTTP/1.1" 404 590 "-" "Mozilla/5.0 (compatible; Googlebot/2.1; +http://www.google.com/bot.html)"
5.255.250.97 - - [22/Apr/2017:12:08:07 +0700] "GET /component/hikashop/product/5546-sony-xperia-xa-ultra-white.html HTTP/1.1" 404 583 "-" "Mozilla/5.0 (compatible; YandexBot/3.0; +http://yandex.com/bots)"
5.255.250.97 - - [22/Apr/2017:12:09:20 +0700] "GET /the-thao/patin-5xd/category/2175-cong-ty-tnhh-thiet-bi-y-te-quang-minh.html HTTP/1.1" 404 595 "-" "Mozilla/5.0 (compatible; YandexBot/3.0; +http://yandex.com/bots)"
5.255.250.97 - - [22/Apr/2017:12:09:34 +0700] "GET /may-tinh-linh-kien-x4a/product/6902-vay-suong-ho-vai-d01233.html HTTP/1.1" 404 584 "-" "Mozilla/5.0 (compatible; YandexBot/3.0; +http://yandex.com/bots)"
5.255.250.97 - - [22/Apr/2017:12:10:08 +0700] "GET /may-tinh-linh-kien-x4a/thiet-bi-mang/tu-mang.html HTTP/1.1" 404 569 "-" "Mozilla/5.0 (compatible; YandexBot/3.0; +http://yandex.com/bots)"
141.8.143.173 - - [22/Apr/2017:12:10:11 +0700] "GET /may-anh-may-quay-zw6/product/3714-may-dan-mieng-coc-e-ton-et-d6.html HTTP/1.1" 404 588 "-" "Mozilla/5.0 (compatible; YandexBot/3.0; +http://yandex.com/bots)"
5.255.250.97 - - [22/Apr/2017:12:10:12 +0700] "GET /may-tinh-linh-kien-x4a/dich-vu-it/product/3293-vo-nokia-e63-ban-phim.html HTTP/1.1" 404 593 "-" "Mozilla/5.0 (compatible; YandexBot/3.0; +http://yandex.com/bots)"
5.255.250.97 - - [22/Apr/2017:12:10:30 +0700] "GET /may-tinh-linh-kien-x4a/linh-kien-phu-kien-ban-dan/product/3983-luoi-tennis-thi-dau-khong-thung-giua-s25878-new.html HTTP/1.1" 404 635 "-" "Mozilla/5.0 (compatible; YandexBot/3.0; +http://yandex.com/bots)"
66.249.73.173 - - [22/Apr/2017:12:10:54 +0700] "GET /dich-vu-giai-tri-du-lich/hot-deal-phieu-giam-gia/hot-deal-spa-suc-khoe/product/3161-pin-iphone-4s.html HTTP/1.1" 404 622 "-" "Mozilla/5.0 (compatible; Googlebot/2.1; +http://www.google.com/bot.html)"
66.249.73.173 - - [22/Apr/2017:12:14:41 +0700] "GET /the-thao/bowling-bzr/product/3272-sac-tren-o-to-pisen-dual-usb-i-car-charger.html HTTP/1.1" 404 601 "-" "Mozilla/5.0 (compatible; Googlebot/2.1; +http://www.google.com/bot.html)"
66.249.73.169 - - [22/Apr/2017:12:18:28 +0700] "GET /the-thao/the-duc-the-hinh/product/5492-ibm-emulex-8gb-fc-dual-port-hba-pn42d0494.html HTTP/1.1" 404 605 "-" "Mozilla/5.0 (compatible; Googlebot/2.1; +http://www.google.com/bot.html)"
62.173.145.18 - - [22/Apr/2017:12:21:27 +0700] "GET /khu-vuc-hoi-dap/them-mot-cau-hoi/sdfsdfsdfds/oldest.html HTTP/1.0" 404 539 "http://cpanel.banhangonline88.com/khu-vuc-hoi-dap/them-mot-cau-hoi/sdfsdfsdfds/oldest.html" "Mozilla/5.0 (Windows NT 6.1; WOW64) AppleWebKit/537.36 (KHTML, like Gecko) Chrome/48.0.2564.103 Safari/537.36"
62.173.145.18 - - [22/Apr/2017:12:21:28 +0700] "GET / HTTP/1.0" 200 294 "http://cpanel.banhangonline88.com/" "Mozilla/5.0 (Windows NT 6.1; WOW64) AppleWebKit/537.36 (KHTML, like Gecko) Chrome/48.0.2564.103 Safari/537.36"
5.255.250.97 - - [22/Apr/2017:12:21:45 +0700] "GET /may-anh-may-quay-zw6/product/364-day-lung-nam-dl2a6dk414n09.html HTTP/1.1" 404 584 "-" "Mozilla/5.0 (compatible; YandexBot/3.0; +http://yandex.com/bots)"
::1 - - [22/Apr/2017:12:21:50 +0700] "OPTIONS * HTTP/1.0" 200 112
::1 - - [22/Apr/2017:12:21:51 +0700] "OPTIONS * HTTP/1.0" 200 112
::1 - - [22/Apr/2017:12:22:03 +0700] "OPTIONS * HTTP/1.0" 200 112
66.249.73.173 - - [22/Apr/2017:12:22:15 +0700] "GET /the-thao/cau-long/product/574-tranh-dan-tuong-doi-ban-tay-nang-do-mat-troi-a0275.html HTTP/1.1" 404 605 "-" "Mozilla/5.0 (compatible; Googlebot/2.1; +http://www.google.com/bot.html)"
5.255.250.97 - - [22/Apr/2017:12:22:44 +0700] "GET /mua-chung/product/3484-lo-xo-giam-chan-vittech-ct1.html HTTP/1.1" 404 575 "-" "Mozilla/5.0 (compatible; YandexBot/3.0; +http://yandex.com/bots)"
5.255.250.97 - - [22/Apr/2017:12:23:04 +0700] "GET /may-anh-may-quay-zw6/product/2548-may-bo-dam-cam-tay-motorola-gp-368-plus.html HTTP/1.1" 404 598 "-" "Mozilla/5.0 (compatible; YandexBot/3.0; +http://yandex.com/bots)"
5.255.250.97 - - [22/Apr/2017:12:23:14 +0700] "GET /deal-gia-soc-hom-nay/product/5527-ghe-phong-cho-vm-103.html HTTP/1.1" 404 579 "-" "Mozilla/5.0 (compatible; YandexBot/3.0; +http://yandex.com/bots)"
5.255.250.97 - - [22/Apr/2017:12:23:21 +0700] "GET /thuc-pham-do-uong-k02/gia-vi-mam-tuong-dau-an/category/662-pda/type-atom.feed HTTP/1.1" 404 597 "-" "Mozilla/5.0 (compatible; YandexBot/3.0; +http://yandex.com/bots)"
5.255.250.97 - - [22/Apr/2017:12:23:41 +0700] "GET /mua-chung/product/3133-may-lam-mat-khong-khi-sumika-d55.html HTTP/1.1" 404 580 "-" "Mozilla/5.0 (compatible; YandexBot/3.0; +http://yandex.com/bots)"
5.255.250.97 - - [22/Apr/2017:12:23:42 +0700] "GET /hoi-dap/index.html HTTP/1.1" 404 537 "-" "Mozilla/5.0 (compatible; YandexBot/3.0; +http://yandex.com/bots)"
5.255.250.97 - - [22/Apr/2017:12:23:44 +0700] "GET /mua-chung/product/4376-bao-vot-flexpro-fb-116-1.html HTTP/1.1" 404 571 "-" "Mozilla/5.0 (compatible; YandexBot/3.0; +http://yandex.com/bots)"
5.255.250.97 - - [22/Apr/2017:12:23:46 +0700] "GET /hang-sach-tay/product/6754-den-pin-sac-kentom-kt-203-led.html HTTP/1.1" 404 580 "-" "Mozilla/5.0 (compatible; YandexBot/3.0; +http://yandex.com/bots)"
5.255.250.97 - - [22/Apr/2017:12:23:48 +0700] "GET /component/hikashop/product/4691-giay-co-cao-bong-ro-cam-den-nq912.html HTTP/1.1" 404 589 "-" "Mozilla/5.0 (compatible; YandexBot/3.0; +http://yandex.com/bots)"
5.255.250.97 - - [22/Apr/2017:12:23:51 +0700] "GET /mua-chung/product/6352-anh-9x12-khong-ep.html HTTP/1.1" 404 565 "-" "Mozilla/5.0 (compatible; YandexBot/3.0; +http://yandex.com/bots)"
5.255.250.97 - - [22/Apr/2017:12:24:34 +0700] "GET /trung-tam-ho-tro.html HTTP/1.1" 404 541 "-" "Mozilla/5.0 (compatible; YandexBot/3.0; +http://yandex.com/bots)"
5.255.250.97 - - [22/Apr/2017:12:24:34 +0700] "GET /me-be/type-rss.feed HTTP/1.1" 404 539 "-" "Mozilla/5.0 (compatible; YandexBot/3.0; +http://yandex.com/bots)"
141.8.143.173 - - [22/Apr/2017:12:24:35 +0700] "GET /may-tinh-linh-kien-x4a/linh-kien-phu-kien-ban-dan/product/887-tranh-dan-tuong-tau-thuyen-tap-nap-tren-bien-b0121.html HTTP/1.1" 404 637 "-" "Mozilla/5.0 (compatible; YandexBot/3.0; +http://yandex.com/bots)"
5.255.250.97 - - [22/Apr/2017:12:24:55 +0700] "GET /the-thao/leo-nui-cam-trai/ba-lo-leo-nui-du-lich/type-atom.feed HTTP/1.1" 404 582 "-" "Mozilla/5.0 (compatible; YandexBot/3.0; +http://yandex.com/bots)"
66.249.73.215 - - [22/Apr/2017:12:27:24 +0700] "POST /the-thao/golf-gon/product/undefinedindex.php?option=com_jchat&format=json HTTP/1.1" 404 564 "http://media.banhangonline88.com/the-thao/golf-gon/product/3756-ban-xoay-vuot-phoi-lp-j300v.html" "Mozilla/5.0 (compatible; Googlebot/2.1; +http://www.google.com/bot.html)"
66.249.73.169 - - [22/Apr/2017:12:29:49 +0700] "GET /categories-listing/product/6459-ban-hoc-lien-gia-sach-go-tu-nhien.html HTTP/1.1" 404 590 "-" "Mozilla/5.0 (compatible; Googlebot/2.1; +http://www.google.com/bot.html)"
66.249.73.173 - - [22/Apr/2017:12:33:36 +0700] "GET /the-thao/danh-co/product/1663-tranh-dan-tuong-thien-nhien-mua-xuan-suc-song-d0099.html HTTP/1.1" 404 606 "-" "Mozilla/5.0 (compatible; Googlebot/2.1; +http://www.google.com/bot.html)"
66.249.65.253 - - [22/Apr/2017:12:34:00 +0700] "GET /media/cms/css/debug.css HTTP/1.1" 404 543 "http://www.admin.banhangonline88.com/component/hikashop/product/cid-5957.html" "Mozilla/5.0 (compatible; Googlebot/2.1; +http://www.google.com/bot.html)"
66.249.65.253 - - [22/Apr/2017:12:34:01 +0700] "GET /media/com_hikashop/js/hikashop.js?v=263 HTTP/1.1" 404 552 "http://www.admin.banhangonline88.com/component/hikashop/product/cid-5957.html" "Mozilla/5.0 (compatible; Googlebot/2.1; +http://www.google.com/bot.html)"
66.249.65.253 - - [22/Apr/2017:12:34:01 +0700] "GET /modules/mod_easysocial_login/styles/style.css HTTP/1.1" 404 564 "http://www.admin.banhangonline88.com/component/hikashop/product/cid-5957.html" "Mozilla/5.0 (compatible; Googlebot/2.1; +http://www.google.com/bot.html)"
66.249.65.250 - - [22/Apr/2017:12:34:02 +0700] "GET /components/com_easysocial/themes/wireframe/styles/base.css HTTP/1.1" 404 578 "http://www.admin.banhangonline88.com/component/hikashop/product/cid-5957.html" "Mozilla/5.0 (compatible; Googlebot/2.1; +http://www.google.com/bot.html)"
66.249.65.253 - - [22/Apr/2017:12:34:02 +0700] "GET /media/system/js/sidr-master/dist/stylesheets/jquery.sidr.light.css HTTP/1.1" 404 585 "http://www.admin.banhangonline88.com/component/hikashop/product/cid-5957.html" "Mozilla/5.0 (compatible; Googlebot/2.1; +http://www.google.com/bot.html)"
66.249.65.195 - - [22/Apr/2017:12:34:03 +0700] "GET /media/system/js/slick-master/slick/slick.css HTTP/1.1" 404 564 "http://www.admin.banhangonline88.com/component/hikashop/product/cid-5957.html" "Mozilla/5.0 (compatible; Googlebot/2.1; +http://www.google.com/bot.html)"
66.249.65.195 - - [22/Apr/2017:12:34:03 +0700] "GET /media/com_hikashop/css/tooltip.css HTTP/1.1" 404 553 "http://www.admin.banhangonline88.com/component/hikashop/product/cid-5957.html" "Mozilla/5.0 (compatible; Googlebot/2.1; +http://www.google.com/bot.html)"
66.249.65.253 - - [22/Apr/2017:12:34:04 +0700] "GET /templates/vina_bonnie/bootstrap-3.3.7/css/bootstrap.css HTTP/1.1" 404 575 "http://www.admin.banhangonline88.com/component/hikashop/product/cid-5957.html" "Mozilla/5.0 (compatible; Googlebot/2.1; +http://www.google.com/bot.html)"
66.249.65.253 - - [22/Apr/2017:12:34:04 +0700] "GET /media/com_hikamarket/css/frontend_default.css?v=170 HTTP/1.1" 404 564 "http://www.admin.banhangonline88.com/component/hikashop/product/cid-5957.html" "Mozilla/5.0 (compatible; Googlebot/2.1; +http://www.google.com/bot.html)"
66.249.65.253 - - [22/Apr/2017:12:34:04 +0700] "GET /components/com_easysocial/themes/wireframe/styles/style.css HTTP/1.1" 404 578 "http://www.admin.banhangonline88.com/component/hikashop/product/cid-5957.html" "Mozilla/5.0 (compatible; Googlebot/2.1; +http://www.google.com/bot.html)"
66.249.65.253 - - [22/Apr/2017:12:34:05 +0700] "GET /media/system/js/less-1.5.0.js HTTP/1.1" 404 548 "http://www.admin.banhangonline88.com/component/hikashop/product/cid-5957.html" "Mozilla/5.0 (compatible; Googlebot/2.1; +http://www.google.com/bot.html)"
66.249.65.250 - - [22/Apr/2017:12:34:05 +0700] "GET /media/system/js/jquery.avgrund.js-master/style/avgrund.css HTTP/1.1" 404 578 "http://www.admin.banhangonline88.com/component/hikashop/product/cid-5957.html" "Mozilla/5.0 (compatible; Googlebot/2.1; +http://www.google.com/bot.html)"
66.249.65.253 - - [22/Apr/2017:12:34:06 +0700] "GET /components/com_easysocial/themes/wireframe/styles/more.css HTTP/1.1" 404 577 "http://www.admin.banhangonline88.com/component/hikashop/product/cid-5957.html" "Mozilla/5.0 (compatible; Googlebot/2.1; +http://www.google.com/bot.html)"
66.249.65.250 - - [22/Apr/2017:12:34:06 +0700] "GET /media/system/js/lazy-load-xt-master/dist/jquery.lazyloadxt.fadein.min.css HTTP/1.1" 404 592 "http://www.admin.banhangonline88.com/component/hikashop/product/cid-5957.html" "Mozilla/5.0 (compatible; Googlebot/2.1; +http://www.google.com/bot.html)"
66.249.65.250 - - [22/Apr/2017:12:34:07 +0700] "GET /media/system/css/modal.css HTTP/1.1" 404 545 "http://www.admin.banhangonline88.com/component/hikashop/product/cid-5957.html" "Mozilla/5.0 (compatible; Googlebot/2.1; +http://www.google.com/bot.html)"
5.255.250.97 - - [22/Apr/2017:12:34:39 +0700] "GET /mua-chung/product/6352-anh-9x12-khong-ep.html HTTP/1.1" 404 565 "-" "Mozilla/5.0 (compatible; YandexBot/3.0; +http://yandex.com/bots)"
5.255.250.97 - - [22/Apr/2017:12:34:40 +0700] "GET /mua-chung/product/4376-bao-vot-flexpro-fb-116-1.html HTTP/1.1" 404 571 "-" "Mozilla/5.0 (compatible; YandexBot/3.0; +http://yandex.com/bots)"
5.255.250.97 - - [22/Apr/2017:12:34:42 +0700] "GET /hang-sach-tay/product/6754-den-pin-sac-kentom-kt-203-led.html HTTP/1.1" 404 580 "-" "Mozilla/5.0 (compatible; YandexBot/3.0; +http://yandex.com/bots)"
5.255.250.97 - - [22/Apr/2017:12:34:45 +0700] "GET /mua-chung/product/3133-may-lam-mat-khong-khi-sumika-d55.html HTTP/1.1" 404 580 "-" "Mozilla/5.0 (compatible; YandexBot/3.0; +http://yandex.com/bots)"
5.255.250.97 - - [22/Apr/2017:12:34:46 +0700] "GET /component/hikashop/product/4691-giay-co-cao-bong-ro-cam-den-nq912.html HTTP/1.1" 404 589 "-" "Mozilla/5.0 (compatible; YandexBot/3.0; +http://yandex.com/bots)"
5.255.250.97 - - [22/Apr/2017:12:34:49 +0700] "GET /hoi-dap/index.html HTTP/1.1" 404 538 "-" "Mozilla/5.0 (compatible; YandexBot/3.0; +http://yandex.com/bots)"
::1 - - [22/Apr/2017:12:35:48 +0700] "OPTIONS * HTTP/1.0" 200 112
::1 - - [22/Apr/2017:12:35:49 +0700] "OPTIONS * HTTP/1.0" 200 112
::1 - - [22/Apr/2017:12:35:54 +0700] "OPTIONS * HTTP/1.0" 200 112
::1 - - [22/Apr/2017:12:35:55 +0700] "OPTIONS * HTTP/1.0" 200 112
::1 - - [22/Apr/2017:12:35:56 +0700] "OPTIONS * HTTP/1.0" 200 112
::1 - - [22/Apr/2017:12:36:04 +0700] "OPTIONS * HTTP/1.0" 200 112
::1 - - [22/Apr/2017:12:36:05 +0700] "OPTIONS * HTTP/1.0" 200 112
::1 - - [22/Apr/2017:12:36:08 +0700] "OPTIONS * HTTP/1.0" 200 112
66.249.73.173 - - [22/Apr/2017:12:36:12 +0700] "GET /images/com_hikashop/upload/thumbnails/300x250f/ghe-ta-xo-sodextoseco-ben-501.jpg HTTP/1.1" 404 600 "-" "Googlebot-Image/1.0"
66.249.73.233 - - [22/Apr/2017:12:37:17 +0700] "GET /dang-ky-lam-cong-tac-vien.html HTTP/1.1" 404 550 "-" "Mozilla/5.0 (compatible; Googlebot/2.1; +http://www.google.com/bot.html)"
66.249.73.177 - - [22/Apr/2017:12:37:23 +0700] "GET /dich-vu-giai-tri-du-lich/game-do-choi/product/4119-may-tap-leo-nui-mtp201aclim.html HTTP/1.1" 404 603 "-" "Mozilla/5.0 (compatible; Googlebot/2.1; +http://www.google.com/bot.html)"
66.249.73.173 - - [22/Apr/2017:12:41:22 +0700] "GET /images/com_hikashop/upload/e0439.jpg HTTP/1.1" 404 556 "-" "Googlebot-Image/1.0"
66.249.73.233 - - [22/Apr/2017:12:43:50 +0700] "GET /o-to-xe-may-xe-dap-uoq/co-khi-o-to.html HTTP/1.1" 404 559 "-" "Mozilla/5.0 (compatible; Googlebot/2.1; +http://www.google.com/bot.html)"
66.249.73.169 - - [22/Apr/2017:12:48:44 +0700] "GET /categories-listing/product/4691-giay-co-cao-bong-ro-cam-den-nq912.html HTTP/1.1" 404 590 "-" "Mozilla/5.0 (compatible; Googlebot/2.1; +http://www.google.com/bot.html)"
::1 - - [22/Apr/2017:12:51:10 +0700] "OPTIONS * HTTP/1.0" 200 112
66.249.73.169 - - [22/Apr/2017:12:56:18 +0700] "GET /dien-tu-dien-may/product/510-tranh-dan-tuong-hoa-sen-trang-a0343.html HTTP/1.1" 404 589 "-" "Mozilla/5.0 (compatible; Googlebot/2.1; +http://www.google.com/bot.html)"
66.249.73.177 - - [22/Apr/2017:13:00:05 +0700] "GET /the-thao/bong-chuyen/product/3772-acid-lactic-90.html HTTP/1.1" 404 573 "-" "Mozilla/5.0 (compatible; Googlebot/2.1; +http://www.google.com/bot.html)"
5.255.250.97 - - [22/Apr/2017:13:04:53 +0700] "GET /thoi-trang-va-phu-kien/thoi-trang-khieu-vu/checkout/notice/cart_type-cart/tmpl-component.html HTTP/1.1" 404 613 "-" "Mozilla/5.0 (compatible; YandexBot/3.0; +http://yandex.com/bots)"
5.255.250.97 - - [22/Apr/2017:13:04:54 +0700] "GET /component/hikamarket/vendor/show/162-ca-ng-ty-tnhh-tm-dv-xnk-qua-c-a-i.html HTTP/1.1" 404 594 "-" "Mozilla/5.0 (compatible; YandexBot/3.0; +http://yandex.com/bots)"
5.255.250.97 - - [22/Apr/2017:13:04:57 +0700] "GET /mua-chung/product/4368-bao-vot-mmoa-mbb-1502.html HTTP/1.1" 404 569 "-" "Mozilla/5.0 (compatible; YandexBot/3.0; +http://yandex.com/bots)"
5.255.250.97 - - [22/Apr/2017:13:04:58 +0700] "GET /thoi-trang-va-phu-kien/phu-kien-thoi-trang/product/3058-gang-tay-da-nu-gt0amdk005d01.html HTTP/1.1" 404 608 "-" "Mozilla/5.0 (compatible; YandexBot/3.0; +http://yandex.com/bots)"
5.255.250.97 - - [22/Apr/2017:13:05:01 +0700] "GET /ho-tro-nha-cung-cap/dich-vu-ho-tro/kb.html HTTP/1.1" 404 562 "-" "Mozilla/5.0 (compatible; YandexBot/3.0; +http://yandex.com/bots)"
5.255.250.97 - - [22/Apr/2017:13:05:02 +0700] "GET /dien-thoai-vien-thong/thiet-bi-vien-thong-1jb/product/3448-xe-nang-tay-mitsubishi-bf25sm.html HTTP/1.1" 404 612 "-" "Mozilla/5.0 (compatible; YandexBot/3.0; +http://yandex.com/bots)"
5.255.250.97 - - [22/Apr/2017:13:05:04 +0700] "GET /dien-tu-dien-may/nhac-cu/product/4291-bo-can-cau-2m4-tang-phao-va-luoi-cau.html HTTP/1.1" 404 598 "-" "Mozilla/5.0 (compatible; YandexBot/3.0; +http://yandex.com/bots)"
5.255.250.97 - - [22/Apr/2017:13:05:07 +0700] "GET /dich-vu-giai-tri-du-lich/product/5749-tay-game-micro-kingdom-870s.html HTTP/1.1" 404 590 "-" "Mozilla/5.0 (compatible; YandexBot/3.0; +http://yandex.com/bots)"
5.255.250.97 - - [22/Apr/2017:13:05:08 +0700] "GET /may-tinh-linh-kien-x4a/product/4470-vai-ban-bida-aileex.html HTTP/1.1" 404 579 "-" "Mozilla/5.0 (compatible; YandexBot/3.0; +http://yandex.com/bots)"
5.255.250.97 - - [22/Apr/2017:13:05:10 +0700] "GET /noi-that-ngoai-that/noi-that-phong-ngu/product/3321-xe-lu-rung-bomag-bw213d-40.html HTTP/1.1" 404 602 "-" "Mozilla/5.0 (compatible; YandexBot/3.0; +http://yandex.com/bots)"
66.249.73.173 - - [22/Apr/2017:13:07:39 +0700] "GET /may-tinh-linh-kien-x4a/product/2340-vi-da-nam-vi3andg118v4.html HTTP/1.1" 404 583 "-" "Mozilla/5.0 (compatible; Googlebot/2.1; +http://www.google.com/bot.html)"
66.249.73.236 - - [22/Apr/2017:13:10:01 +0700] "GET /hoi-dap.html HTTP/1.1" 404 532 "-" "Mozilla/5.0 (compatible; Googlebot/2.1; +http://www.google.com/bot.html)"
5.255.250.97 - - [22/Apr/2017:13:14:15 +0700] "GET /the-thao/product/5116-bo-phi-tieu-nam-cham.html HTTP/1.1" 404 567 "-" "Mozilla/5.0 (compatible; YandexBot/3.0; +http://yandex.com/bots)"
141.8.143.173 - - [22/Apr/2017:13:14:15 +0700] "GET /thoi-trang-va-phu-kien/dong-ho-deo-tay/dong-ho-deo-tay-trung-quoc.html HTTP/1.1" 404 590 "-" "Mozilla/5.0 (compatible; YandexBot/3.0; +http://yandex.com/bots)"
5.255.250.97 - - [22/Apr/2017:13:14:15 +0700] "GET /dich-vu-giai-tri-du-lich/game-do-choi/checkout/notice/cart_type-cart/tmpl-component.html HTTP/1.1" 404 608 "-" "Mozilla/5.0 (compatible; YandexBot/3.0; +http://yandex.com/bots)"
5.255.250.97 - - [22/Apr/2017:13:14:17 +0700] "GET /may-tinh-linh-kien-x4a/product/3314-dau-do-hong-ngoai-dang-beam-co-dia-chi-gst-i-9105r.html HTTP/1.1" 404 611 "-" "Mozilla/5.0 (compatible; YandexBot/3.0; +http://yandex.com/bots)"
5.255.250.97 - - [22/Apr/2017:13:14:18 +0700] "GET /me-be/do-cho-me.html HTTP/1.1" 404 540 "-" "Mozilla/5.0 (compatible; YandexBot/3.0; +http://yandex.com/bots)"
141.8.143.173 - - [22/Apr/2017:13:14:18 +0700] "GET /thoi-trang-va-phu-kien/dong-ho-deo-tay/dong-ho-hang-hieu.html HTTP/1.1" 404 581 "-" "Mozilla/5.0 (compatible; YandexBot/3.0; +http://yandex.com/bots)"
5.255.250.97 - - [22/Apr/2017:13:14:19 +0700] "GET /noi-that-ngoai-that/noi-that-phong-ngu/product/125-con-gioi-ngoai-ngu.html HTTP/1.1" 404 593 "-" "Mozilla/5.0 (compatible; YandexBot/3.0; +http://yandex.com/bots)"
141.8.143.173 - - [22/Apr/2017:13:14:21 +0700] "GET /component/hikashop/product/374-day-lung-nam-dl2a6dk414d03.html HTTP/1.1" 404 582 "-" "Mozilla/5.0 (compatible; YandexBot/3.0; +http://yandex.com/bots)"
5.255.250.97 - - [22/Apr/2017:13:14:21 +0700] "GET /component/hikashop/product/3745-than-hoa-go-ep-bbq-phuong-nam.html HTTP/1.1" 404 586 "-" "Mozilla/5.0 (compatible; YandexBot/3.0; +http://yandex.com/bots)"
5.255.250.97 - - [22/Apr/2017:13:14:23 +0700] "GET /categories-listing/product/6612-may-xa-phan-dragon-3wf-3c-26.html HTTP/1.1" 404 585 "-" "Mozilla/5.0 (compatible; YandexBot/3.0; +http://yandex.com/bots)"
5.255.250.97 - - [22/Apr/2017:13:14:24 +0700] "GET /component/hikashop/product/4934-bosma-800x80.html HTTP/1.1" 404 569 "-" "Mozilla/5.0 (compatible; YandexBot/3.0; +http://yandex.com/bots)"
141.8.143.173 - - [22/Apr/2017:13:14:25 +0700] "GET /deal-gia-soc-hom-nay/product/4469-bi-2-mau.html HTTP/1.1" 404 567 "-" "Mozilla/5.0 (compatible; YandexBot/3.0; +http://yandex.com/bots)"
5.255.250.97 - - [22/Apr/2017:13:14:27 +0700] "GET /component/hikashop/product/4371-bao-vot-mmoa-2701.html HTTP/1.1" 404 574 "-" "Mozilla/5.0 (compatible; YandexBot/3.0; +http://yandex.com/bots)"
141.8.143.173 - - [22/Apr/2017:13:14:27 +0700] "GET /hang-sach-tay/product/3761-test-nhanh-clo-trong-nuoc-sera.html HTTP/1.1" 404 581 "-" "Mozilla/5.0 (compatible; YandexBot/3.0; +http://yandex.com/bots)"
66.249.73.173 - - [22/Apr/2017:13:15:13 +0700] "GET /dich-vu-giai-tri-du-lich/thiet-ke/product/1968-vi-da-nam-hang-hieu-vi2andg163g0.html HTTP/1.1" 404 604 "-" "Mozilla/5.0 (compatible; Googlebot/2.1; +http://www.google.com/bot.html)"
66.249.73.236 - - [22/Apr/2017:13:22:47 +0700] "GET /dich-vu-giai-tri-du-lich/an-uong/product/3256-man-hinh-nokia-6300-5310-3600-3120c-6120c-7610s.html HTTP/1.1" 404 618 "-" "Mozilla/5.0 (compatible; Googlebot/2.1; +http://www.google.com/bot.html)"
66.249.73.177 - - [22/Apr/2017:13:23:06 +0700] "GET /dien-tu-dien-may/product/1204-tranh-dan-tuong-ghe-da-cong-vien-chieu-thu-c0020.html HTTP/1.1" 404 603 "-" "Mozilla/5.0 (compatible; Googlebot/2.1; +http://www.google.com/bot.html)"
5.255.250.97 - - [22/Apr/2017:13:24:09 +0700] "GET /mua-chung/product/3133-may-lam-mat-khong-khi-sumika-d55.html HTTP/1.1" 404 580 "-" "Mozilla/5.0 (compatible; YandexBot/3.0; +http://yandex.com/bots)"
5.255.250.97 - - [22/Apr/2017:13:24:10 +0700] "GET /may-tinh-linh-kien-x4a/product/2622-vi-da-nam-vi2andg031n0.html HTTP/1.1" 404 582 "-" "Mozilla/5.0 (compatible; YandexBot/3.0; +http://yandex.com/bots)"
5.255.250.97 - - [22/Apr/2017:13:26:27 +0700] "GET /do-dung-sinh-hoat/product/6063-goi-om-go015.html HTTP/1.1" 404 568 "-" "Mozilla/5.0 (compatible; YandexBot/3.0; +http://yandex.com/bots)"
5.255.250.97 - - [22/Apr/2017:13:26:30 +0700] "GET /cong-nghiep-va-xay-dung/category/2044-thiet-bi-nang-ha.html HTTP/1.1" 404 579 "-" "Mozilla/5.0 (compatible; YandexBot/3.0; +http://yandex.com/bots)"
66.249.65.253 - - [22/Apr/2017:13:26:34 +0700] "GET /may-anh-may-quay-zw6/dich-vu-sua-chua-tham-dinh/dich-vu-thu-mua-may-quay/product/1810-nokia-6300-silver.html HTTP/1.1" 404 628 "-" "Mozilla/5.0 (compatible; Googlebot/2.1; +http://www.google.com/bot.html)"
5.255.250.97 - - [22/Apr/2017:13:26:35 +0700] "GET /hang-sach-tay/category/2015-san-pham-cong-nghiep/type-rss.feed HTTP/1.1" 404 582 "-" "Mozilla/5.0 (compatible; YandexBot/3.0; +http://yandex.com/bots)"
5.255.250.97 - - [22/Apr/2017:13:26:36 +0700] "GET /component/hikashop/product/439-day-lung-nam-dl2a6dk604d10.html HTTP/1.1" 404 581 "-" "Mozilla/5.0 (compatible; YandexBot/3.0; +http://yandex.com/bots)"
5.255.250.97 - - [22/Apr/2017:13:26:38 +0700] "GET /dien-tu-dien-may/product/5676-dan-am-thanh-samsung-ht-j7750wxv.html HTTP/1.1" 404 586 "-" "Mozilla/5.0 (compatible; YandexBot/3.0; +http://yandex.com/bots)"
5.255.250.97 - - [22/Apr/2017:13:26:40 +0700] "GET /component/hikashop/product/1545-tranh-dan-tuong-thien-nhien-mua-xuan-tren-doi-che-xanh-d0218.html HTTP/1.1" 404 616 "-" "Mozilla/5.0 (compatible; YandexBot/3.0; +http://yandex.com/bots)"
5.255.250.97 - - [22/Apr/2017:13:26:43 +0700] "GET /o-to-xe-may-xe-dap-uoq/product/2453-nam-viet-quat-say-kho-ocean-spray-18kg-nhap-khau-my.html HTTP/1.1" 404 612 "-" "Mozilla/5.0 (compatible; YandexBot/3.0; +http://yandex.com/bots)"
66.249.73.173 - - [22/Apr/2017:13:30:06 +0700] "GET /images/com_hikashop/upload/thumbnails/300x250f/bvd1381904638.jpg HTTP/1.1" 404 584 "-" "Googlebot-Image/1.0"
66.249.73.169 - - [22/Apr/2017:13:30:21 +0700] "GET /categories-listing/product/5812-noi-com-dien-cong-nghiep-zisun20l.html HTTP/1.1" 404 590 "-" "Mozilla/5.0 (compatible; Googlebot/2.1; +http://www.google.com/bot.html)"
5.255.250.97 - - [22/Apr/2017:13:32:06 +0700] "GET /may-tinh-linh-kien-x4a/product/2622-vi-da-nam-vi2andg031n0.html HTTP/1.1" 404 583 "-" "Mozilla/5.0 (compatible; YandexBot/3.0; +http://yandex.com/bots)"
5.255.250.97 - - [22/Apr/2017:13:32:08 +0700] "GET /mua-chung/product/3133-may-lam-mat-khong-khi-sumika-d55.html HTTP/1.1" 404 579 "-" "Mozilla/5.0 (compatible; YandexBot/3.0; +http://yandex.com/bots)"
66.249.73.177 - - [22/Apr/2017:13:34:08 +0700] "GET /categories-listing/product/2850-motor-mat-bich-teco-aeuv-4p-025hp.html HTTP/1.1" 404 590 "-" "Mozilla/5.0 (compatible; Googlebot/2.1; +http://www.google.com/bot.html)"
100.43.90.11 - - [22/Apr/2017:13:35:43 +0700] "GET /robots.txt HTTP/1.1" 404 530 "-" "Mozilla/5.0 (compatible; YandexBot/3.0; +http://yandex.com/bots)"
100.43.90.11 - - [22/Apr/2017:13:35:47 +0700] "GET /cong-nghiep-va-xay-dung/vat-tu-thiet-bi-cong-nghiep/thiet-bi-nganh-xang-dau.html HTTP/1.1" 404 600 "-" "Mozilla/5.0 (compatible; YandexBot/3.0; +http://yandex.com/bots)"
5.255.250.97 - - [22/Apr/2017:13:36:57 +0700] "GET /may-anh-may-quay-zw6/product/2486-vi-da-nam-vi2andg124n0.html HTTP/1.1" 404 581 "-" "Mozilla/5.0 (compatible; YandexBot/3.0; +http://yandex.com/bots)"
5.255.250.97 - - [22/Apr/2017:13:37:04 +0700] "GET /hang-sach-tay/product/3728-may-cua-ban-truot-jica-mj6128.html HTTP/1.1" 404 581 "-" "Mozilla/5.0 (compatible; YandexBot/3.0; +http://yandex.com/bots)"
5.255.250.97 - - [22/Apr/2017:13:37:23 +0700] "GET /cong-nghiep-va-xay-dung/product/6573-men-vi-sinh-dung-trong-u-phan-vi-sinh-em-fert-1.html HTTP/1.1" 404 609 "-" "Mozilla/5.0 (compatible; YandexBot/3.0; +http://yandex.com/bots)"
5.255.250.97 - - [22/Apr/2017:13:37:41 +0700] "GET /robots.txt HTTP/1.1" 404 530 "-" "Mozilla/5.0 (compatible; YandexBot/3.0; +http://yandex.com/bots)"
5.255.250.97 - - [22/Apr/2017:13:37:45 +0700] "GET /component/hikashop/product/6944-bon-ngam-chan-nb-168.html HTTP/1.1" 404 577 "-" "Mozilla/5.0 (compatible; YandexBot/3.0; +http://yandex.com/bots)"
66.249.73.233 - - [22/Apr/2017:13:37:55 +0700] "GET /sach-van-phong-qua-tang/van-phong-pham/product/82-day-lung-nam-cao-cap-dl2a6dk425n014.html HTTP/1.1" 404 610 "-" "Mozilla/5.0 (compatible; Googlebot/2.1; +http://www.google.com/bot.html)"
66.249.73.233 - - [22/Apr/2017:13:37:55 +0700] "GET /robots.txt HTTP/1.1" 404 530 "-" "Mozilla/5.0 (compatible; Googlebot/2.1; +http://www.google.com/bot.html)"
5.255.250.97 - - [22/Apr/2017:13:37:56 +0700] "GET /component/hikashop/product/3997-giay-da-bong-futsal-mau-kieu-moi-ms-2148a.html HTTP/1.1" 404 598 "-" "Mozilla/5.0 (compatible; YandexBot/3.0; +http://yandex.com/bots)"
5.255.250.97 - - [22/Apr/2017:13:38:02 +0700] "GET /may-anh-may-quay-zw6/product/6714-hop-dung-thuoc-la-kiem-bat-lua-focus.html HTTP/1.1" 404 595 "-" "Mozilla/5.0 (compatible; YandexBot/3.0; +http://yandex.com/bots)"
5.255.250.97 - - [22/Apr/2017:13:39:41 +0700] "GET /dien-dan-huong-dan-su-dung/tags/discussions.html?format=feed&type=atom HTTP/1.1" 404 568 "-" "Mozilla/5.0 (compatible; YandexBot/3.0; +http://yandex.com/bots)"
5.255.250.97 - - [22/Apr/2017:13:39:43 +0700] "GET /sach-van-phong-qua-tang/product/170-xa-lo-mini.html HTTP/1.1" 404 570 "-" "Mozilla/5.0 (compatible; YandexBot/3.0; +http://yandex.com/bots)"
5.255.250.97 - - [22/Apr/2017:13:39:46 +0700] "GET /index.php?option=com_modules&view=modules&layout=modal&tmpl=component&editor=jform_articletext_2&f8c8c803fd2cae5a13a1b2e69d134bfa=1 HTTP/1.1" 404 529 "-" "Mozilla/5.0 (compatible; YandexBot/3.0; +http://yandex.com/bots)"
5.255.250.97 - - [22/Apr/2017:13:39:47 +0700] "GET /deal-gia-soc-hom-nay/product/6624-bo-binh-tho-30-phut-jiaxing-rhzk-630.html HTTP/1.1" 404 594 "-" "Mozilla/5.0 (compatible; YandexBot/3.0; +http://yandex.com/bots)"
141.8.143.173 - - [22/Apr/2017:13:40:01 +0700] "GET /the-thao/bong-chuyen/type-rss.feed HTTP/1.1" 404 554 "-" "Mozilla/5.0 (compatible; YandexBot/3.0; +http://yandex.com/bots)"
5.255.250.97 - - [22/Apr/2017:13:41:23 +0700] "GET /dien-tu-dien-may/thiet-bi-an-ninh/product/5647-vantech-vt-3700h.html HTTP/1.1" 404 588 "-" "Mozilla/5.0 (compatible; YandexBot/3.0; +http://yandex.com/bots)"
66.249.73.173 - - [22/Apr/2017:13:41:42 +0700] "GET /may-tinh-linh-kien-x4a/may-tinh-dieu-khien-cong-nghiep/product/91-doi-ky-su-tai-ba-xe-tron-mau-2.html HTTP/1.1" 404 621 "-" "Mozilla/5.0 (compatible; Googlebot/2.1; +http://www.google.com/bot.html)"
66.249.73.177 - - [22/Apr/2017:13:45:29 +0700] "GET /dien-tu-dien-may/product/3777-silicagen-hut-am-doi-mau-sio2-25kg.html HTTP/1.1" 404 589 "-" "Mozilla/5.0 (compatible; Googlebot/2.1; +http://www.google.com/bot.html)"
100.43.85.9 - - [22/Apr/2017:13:52:14 +0700] "GET /the-thao/dia-diem-thi-dau-tap-luyen/type-rss.feed HTTP/1.1" 404 569 "-" "Mozilla/5.0 (compatible; YandexBot/3.0; +http://yandex.com/bots)"
66.249.73.173 - - [22/Apr/2017:13:52:20 +0700] "GET /media/system/js/auo_typing_text/jquery.teletype.min.js HTTP/1.1" 404 574 "http://cpanel.banhangonline88.com/component/hikashop/product/cid-5651.html" "Mozilla/5.0 (compatible; Googlebot/2.1; +http://www.google.com/bot.html)"
66.249.73.177 - - [22/Apr/2017:13:52:21 +0700] "GET /media/com_hikamarket/js/hikamarket.min.js HTTP/1.1" 404 561 "http://cpanel.banhangonline88.com/component/hikashop/product/cid-5651.html" "Mozilla/5.0 (compatible; Googlebot/2.1; +http://www.google.com/bot.html)"
66.249.73.173 - - [22/Apr/2017:13:52:24 +0700] "GET /components/com_easysocial/themes/wireframe/styles/style.css HTTP/1.1" 404 579 "http://cpanel.banhangonline88.com/component/hikashop/product/cid-5651.html" "Mozilla/5.0 (compatible; Googlebot/2.1; +http://www.google.com/bot.html)"
66.249.73.169 - - [22/Apr/2017:13:52:28 +0700] "GET /media/system/js/Zozo_Tabs_v.6.5/source/zozo.tabs.themes.css HTTP/1.1" 404 579 "http://cpanel.banhangonline88.com/component/hikashop/product/cid-5651.html" "Mozilla/5.0 (compatible; Googlebot/2.1; +http://www.google.com/bot.html)"
66.249.73.173 - - [22/Apr/2017:13:52:32 +0700] "GET /media/system/js/lazy-load-xt-master/dist/jquery.lazyloadxt.min.js HTTP/1.1" 404 585 "http://cpanel.banhangonline88.com/component/hikashop/product/cid-5651.html" "Mozilla/5.0 (compatible; Googlebot/2.1; +http://www.google.com/bot.html)"
66.249.73.169 - - [22/Apr/2017:13:52:35 +0700] "GET /media/system/js/jquery.avgrund.js-master/style/avgrund.css HTTP/1.1" 404 578 "http://cpanel.banhangonline88.com/component/hikashop/product/cid-5651.html" "Mozilla/5.0 (compatible; Googlebot/2.1; +http://www.google.com/bot.html)"
66.249.73.169 - - [22/Apr/2017:13:52:39 +0700] "GET /media/system/js/Zozo_Tabs_v.6.5/source/zozo.tabs.multiline.css HTTP/1.1" 404 582 "http://cpanel.banhangonline88.com/component/hikashop/product/cid-5651.html" "Mozilla/5.0 (compatible; Googlebot/2.1; +http://www.google.com/bot.html)"
66.249.73.169 - - [22/Apr/2017:13:52:43 +0700] "GET /media/system/js/jquery_load_file/homepage.js HTTP/1.1" 404 564 "http://cpanel.banhangonline88.com/component/hikashop/product/cid-5651.html" "Mozilla/5.0 (compatible; Googlebot/2.1; +http://www.google.com/bot.html)"
66.249.73.169 - - [22/Apr/2017:13:52:46 +0700] "GET /media/system/js/Zozo_Tabs_v.6.5/source-flat/zozo.tabs.flat.core.css HTTP/1.1" 404 587 "http://cpanel.banhangonline88.com/component/hikashop/product/cid-5651.html" "Mozilla/5.0 (compatible; Googlebot/2.1; +http://www.google.com/bot.html)"
66.249.73.169 - - [22/Apr/2017:13:52:50 +0700] "GET /media/system/js/Zozo_Tabs_v.6.5/source-flat/zozo.tabs.flat.mobile.css HTTP/1.1" 404 589 "http://cpanel.banhangonline88.com/component/hikashop/product/cid-5651.html" "Mozilla/5.0 (compatible; Googlebot/2.1; +http://www.google.com/bot.html)"
66.249.73.169 - - [22/Apr/2017:13:52:53 +0700] "GET /media/com_hikashop/css/tooltip.css HTTP/1.1" 404 554 "http://cpanel.banhangonline88.com/component/hikashop/product/cid-5651.html" "Mozilla/5.0 (compatible; Googlebot/2.1; +http://www.google.com/bot.html)"
66.249.73.169 - - [22/Apr/2017:13:52:57 +0700] "GET /media/system/js/Zozo_Tabs_v.6.5/source/zozo.tabs.responsive.css HTTP/1.1" 404 583 "http://cpanel.banhangonline88.com/component/hikashop/product/cid-5651.html" "Mozilla/5.0 (compatible; Googlebot/2.1; +http://www.google.com/bot.html)"
::1 - - [22/Apr/2017:13:52:59 +0700] "OPTIONS * HTTP/1.0" 200 112
66.249.73.169 - - [22/Apr/2017:13:53:00 +0700] "GET /components/com_jchat/css/templates/default.css HTTP/1.1" 404 566 "http://cpanel.banhangonline88.com/component/hikashop/product/cid-5651.html" "Mozilla/5.0 (compatible; Googlebot/2.1; +http://www.google.com/bot.html)"
66.249.73.169 - - [22/Apr/2017:13:53:04 +0700] "GET /media/system/js/texttospeak/responsivevoice.js HTTP/1.1" 404 566 "http://cpanel.banhangonline88.com/component/hikashop/product/cid-5651.html" "Mozilla/5.0 (compatible; Googlebot/2.1; +http://www.google.com/bot.html)"
66.249.73.169 - - [22/Apr/2017:13:53:07 +0700] "GET /media/system/js/slick-master/slick/slick.css HTTP/1.1" 404 564 "http://cpanel.banhangonline88.com/component/hikashop/product/cid-5651.html" "Mozilla/5.0 (compatible; Googlebot/2.1; +http://www.google.com/bot.html)"
66.249.73.169 - - [22/Apr/2017:13:53:11 +0700] "GET /thuc-pham-va-do-uong/thuc-pham-tuoi-song/product/2550-bo-dam-cam-tay-kenwood-tk-3107.html HTTP/1.1" 404 609 "-" "Mozilla/5.0 (compatible; Googlebot/2.1; +http://www.google.com/bot.html)"
66.249.73.169 - - [22/Apr/2017:13:53:14 +0700] "GET /media/system/js/slick-master/slick/slick.min.css HTTP/1.1" 404 568 "http://cpanel.banhangonline88.com/dien-tu-dien-may/thiet-bi-theo-mua/may-lam-sua-chua-2/product/3680-may-may-1-kim-dien-tu-juki-ddl-8700bh-7-obk.html" "Mozilla/5.0 (compatible; Googlebot/2.1; +http://www.google.com/bot.html)"
