00.43.90.8 - - [22/Apr/2017:08:17:44 +0700] "GET /the-thao/product/3669-sodium-benzoate-nac6h5coo.html HTTP/1.1" 404 572 "-" "Mozilla/5.0 (compatible; YandexBot/3.0; +http://yandex.com/bots)"
207.46.13.71 - - [22/Apr/2017:08:20:22 +0700] "GET / HTTP/1.1" 200 331 "-" "Mozilla/5.0 (compatible; bingbot/2.0; +http://www.bing.com/bingbot.htm)"
5.255.250.97 - - [22/Apr/2017:08:21:07 +0700] "GET /may-tinh-linh-kien-x4a/product/4757-hoa-hong-bat-tu-hop-thien-su.html HTTP/1.1" 404 589 "-" "Mozilla/5.0 (compatible; YandexBot/3.0; +http://yandex.com/bots)"
66.249.65.62 - - [22/Apr/2017:08:22:01 +0700] "GET /dien-tu-dien-may.html HTTP/1.1" 404 541 "-" "Mozilla/5.0 (compatible; Googlebot/2.1; +http://www.google.com/bot.html)"
141.8.143.204 - - [22/Apr/2017:08:22:41 +0700] "GET /thoi-trang-va-phu-kien/thoi-trang-nu/checkout/notice/cart_type-wishlist/tmpl-component.html HTTP/1.1" 404 611 "-" "Mozilla/5.0 (compatible; YandexBot/3.0; +http://yandex.com/bots)"
5.255.250.97 - - [22/Apr/2017:08:22:47 +0700] "GET /dien-tu-dien-may/nhac-cu/product/5355-day-han-quang-tltelecom-pigtail-sc-singlemode.html HTTP/1.1" 404 608 "-" "Mozilla/5.0 (compatible; YandexBot/3.0; +http://yandex.com/bots)"
5.255.250.97 - - [22/Apr/2017:08:23:03 +0700] "GET /cong-nghiep-va-xay-dung/product/6016-tham-nhua-gai-765.html HTTP/1.1" 404 579 "-" "Mozilla/5.0 (compatible; YandexBot/3.0; +http://yandex.com/bots)"
5.255.250.97 - - [22/Apr/2017:08:23:23 +0700] "GET /index.php?option=com_content&view=articles&layout=modal&tmpl=component&abc76f9e8316a4f9ed3184e581d4e79f=1 HTTP/1.1" 404 529 "-" "Mozilla/5.0 (compatible; YandexBot/3.0; +http://yandex.com/bots)"
77.88.47.44 - - [22/Apr/2017:08:23:23 +0700] "GET /component/hikashop/product/507-tranh-dan-tuong-sen-ngoc-a0346.html HTTP/1.1" 404 586 "-" "Mozilla/5.0 (compatible; YandexBot/3.0; +http://yandex.com/bots)"
5.255.250.97 - - [22/Apr/2017:08:23:25 +0700] "GET /mua-chung/product/2887-motor-bom-pit-tong-etaron-bp0052ba-025kw.html HTTP/1.1" 404 587 "-" "Mozilla/5.0 (compatible; YandexBot/3.0; +http://yandex.com/bots)"
5.255.250.97 - - [22/Apr/2017:08:23:57 +0700] "GET /hang-sach-tay/product/3865-hoa-chat-huyet-hoc-symex-kx21.html HTTP/1.1" 404 581 "-" "Mozilla/5.0 (compatible; YandexBot/3.0; +http://yandex.com/bots)"
5.255.250.97 - - [22/Apr/2017:08:24:14 +0700] "GET /cong-nghiep-va-xay-dung/xay-dung/product/3214-thang-nhom-gap-da-nang-nikawa-nkb-46.html HTTP/1.1" 404 607 "-" "Mozilla/5.0 (compatible; YandexBot/3.0; +http://yandex.com/bots)"
5.255.250.97 - - [22/Apr/2017:08:28:53 +0700] "GET /index.php?option=com_content&view=articles&layout=modal&tmpl=component&abc76f9e8316a4f9ed3184e581d4e79f=1 HTTP/1.1" 404 529 "-" "Mozilla/5.0 (compatible; YandexBot/3.0; +http://yandex.com/bots)"
5.255.250.97 - - [22/Apr/2017:08:28:55 +0700] "GET /mua-chung/product/2887-motor-bom-pit-tong-etaron-bp0052ba-025kw.html HTTP/1.1" 404 587 "-" "Mozilla/5.0 (compatible; YandexBot/3.0; +http://yandex.com/bots)"
77.88.47.83 - - [22/Apr/2017:08:38:19 +0700] "GET /hoi-dap/ch%E1%BB%97-n%C3%A0y-ngon-n%C3%A0y/latest.html HTTP/1.1" 404 560 "-" "Mozilla/5.0 (compatible; YandexBot/3.0; +http://yandex.com/bots)"
5.255.250.97 - - [22/Apr/2017:08:39:12 +0700] "GET /sach-van-phong-qua-tang/thiet-bi-giao-duc/tu-gia-de-thiet-bi/product/4878-gia-thu-vien-hoa-phat-gs5-k3.html HTTP/1.1" 404 627 "-" "Mozilla/5.0 (compatible; YandexBot/3.0; +http://yandex.com/bots)"
141.8.143.242 - - [22/Apr/2017:08:40:32 +0700] "GET /thuc-pham-do-uong-k02/dac-san/category/24-man-hinh-mobile-pda-phone.html HTTP/1.1" 404 592 "-" "Mozilla/5.0 (compatible; YandexBot/3.0; +http://yandex.com/bots)"
5.255.250.97 - - [22/Apr/2017:08:41:16 +0700] "GET /component/hikamarket/vendor/show/275-hoa-ng-mobile.html HTTP/1.1" 404 575 "-" "Mozilla/5.0 (compatible; YandexBot/3.0; +http://yandex.com/bots)"
5.255.250.97 - - [22/Apr/2017:08:41:17 +0700] "GET /mua-chung/product/3880-but-han-gan-5-second-fix.html HTTP/1.1" 404 571 "-" "Mozilla/5.0 (compatible; YandexBot/3.0; +http://yandex.com/bots)"
5.255.250.97 - - [22/Apr/2017:08:41:33 +0700] "GET /component/hikashop/product/4481-bao-dung-vot-bong-ban-xanh-la.html HTTP/1.1" 404 586 "-" "Mozilla/5.0 (compatible; YandexBot/3.0; +http://yandex.com/bots)"
5.255.250.97 - - [22/Apr/2017:08:41:51 +0700] "GET /cong-nghiep-va-xay-dung/vat-tu-thiet-bi-cong-nghiep/product/3561-may-tuyen-tu-don-mkc.html HTTP/1.1" 404 610 "-" "Mozilla/5.0 (compatible; YandexBot/3.0; +http://yandex.com/bots)"
5.255.250.97 - - [22/Apr/2017:08:42:29 +0700] "GET /component/hikashop/product/5088-dell-ultrasharp-u2412m-24-inch.html HTTP/1.1" 404 587 "-" "Mozilla/5.0 (compatible; YandexBot/3.0; +http://yandex.com/bots)"
5.255.250.97 - - [22/Apr/2017:08:42:36 +0700] "GET /may-tinh-linh-kien-x4a/linh-kien-phu-kien-ban-dan/product/3611-dong-ho-dieu-ap-don-mang-khi-gasaxetylen-gas-arc.html HTTP/1.1" 404 636 "-" "Mozilla/5.0 (compatible; YandexBot/3.0; +http://yandex.com/bots)"
100.43.90.10 - - [22/Apr/2017:08:46:13 +0700] "GET /me-be/product/3804-keo-silicone-112.html HTTP/1.1" 404 560 "-" "Mozilla/5.0 (compatible; YandexBot/3.0; +http://yandex.com/bots)"
113.185.9.42 - - [22/Apr/2017:08:49:41 +0700] "-" 408 0 "-" "-"
141.8.143.242 - - [22/Apr/2017:08:51:23 +0700] "GET /categories-listing/product/3423-may-rua-dinh-oc-vit-screws-trans-potent-pta-1064t.html HTTP/1.1" 404 606 "-" "Mozilla/5.0 (compatible; YandexBot/3.0; +http://yandex.com/bots)"
141.8.143.173 - - [22/Apr/2017:08:51:24 +0700] "GET /may-anh-may-quay-zw6/product/5000-gang-tay-bat-bong-chay-gopher.html HTTP/1.1" 404 588 "-" "Mozilla/5.0 (compatible; YandexBot/3.0; +http://yandex.com/bots)"
5.255.250.97 - - [22/Apr/2017:08:51:37 +0700] "GET /may-tinh-linh-kien-x4a/linh-kien-server/product/6922-bo-5-trai-cau-dem-cao-su-sdcs.html HTTP/1.1" 404 607 "-" "Mozilla/5.0 (compatible; YandexBot/3.0; +http://yandex.com/bots)"
5.255.250.97 - - [22/Apr/2017:08:51:47 +0700] "GET /thoi-trang-va-phu-kien/dong-ho-deo-tay/product/4569-kinh-boi-phoenix-pn-203-xanh.html HTTP/1.1" 404 605 "-" "Mozilla/5.0 (compatible; YandexBot/3.0; +http://yandex.com/bots)"
5.255.250.69 - - [22/Apr/2017:08:52:02 +0700] "GET /may-anh-may-quay-zw6/product/6435-xe-dap-the-thao-mt19-banh-24-inch.html HTTP/1.1" 404 592 "-" "Mozilla/5.0 (compatible; YandexBot/3.0; +http://yandex.com/bots)"
100.43.90.13 - - [22/Apr/2017:08:52:14 +0700] "GET /sach-van-phong-qua-tang/thiet-bi-giao-duc/tu-gia-de-thiet-bi/type-rss.feed HTTP/1.1" 404 594 "-" "Mozilla/5.0 (compatible; YandexBot/3.0; +http://yandex.com/bots)"
5.255.250.97 - - [22/Apr/2017:08:52:14 +0700] "GET /noi-that-ngoai-that/product/5539-thiet-ke-noi-that-khach-san-hien-dai-kt-ks4.html HTTP/1.1" 404 601 "-" "Mozilla/5.0 (compatible; YandexBot/3.0; +http://yandex.com/bots)"
5.255.250.97 - - [22/Apr/2017:08:52:38 +0700] "GET /mua-chung/product/6336-lens-canon-ef-24-70mm-f28-l-ii-usm.html HTTP/1.1" 404 582 "-" "Mozilla/5.0 (compatible; YandexBot/3.0; +http://yandex.com/bots)"
77.88.47.123 - - [22/Apr/2017:08:53:01 +0700] "GET /cong-nghiep-va-xay-dung/xay-dung/vat-lieu-hoan-thien.html HTTP/1.1" 404 577 "-" "Mozilla/5.0 (compatible; YandexBot/3.0; +http://yandex.com/bots)"
163.172.73.215 - - [22/Apr/2017:08:53:23 +0700] "GET /robots.txt HTTP/1.1" 404 530 "-" "Mozilla/5.0 (compatible; MJ12bot/v1.4.7; http://mj12bot.com/)"
163.172.73.215 - - [22/Apr/2017:08:53:25 +0700] "GET /%EF%BB%BF HTTP/1.1" 404 467 "-" "Mozilla/5.0 (compatible; MJ12bot/v1.4.7; http://mj12bot.com/)"
5.255.250.97 - - [22/Apr/2017:08:53:45 +0700] "GET /dien-thoai-vien-thong/product/4733-xe-dieu-khien-tu-xa-luxurious-3949.html HTTP/1.1" 404 594 "-" "Mozilla/5.0 (compatible; YandexBot/3.0; +http://yandex.com/bots)"
5.255.250.97 - - [22/Apr/2017:08:53:50 +0700] "GET /cong-nghiep-va-xay-dung/thiet-bi-dien-nuoc/thiet-bi-be-boi/type-atom.feed HTTP/1.1" 404 593 "-" "Mozilla/5.0 (compatible; YandexBot/3.0; +http://yandex.com/bots)"
66.249.73.169 - - [22/Apr/2017:08:54:10 +0700] "GET /dien-tu-dien-may/product/5229-bang-kep-giay-flipchart-gbc-100te.html HTTP/1.1" 404 588 "-" "Mozilla/5.0 (compatible; Googlebot/2.1; +http://www.google.com/bot.html)"
77.88.47.102 - - [22/Apr/2017:08:54:14 +0700] "GET /component/hikashop/product/6946-ke-tivi-duy-phat-50.html HTTP/1.1" 404 576 "-" "Mozilla/5.0 (compatible; YandexBot/3.0; +http://yandex.com/bots)"
66.249.65.62 - - [22/Apr/2017:08:54:45 +0700] "GET /lien-he.html HTTP/1.1" 404 532 "-" "Mozilla/5.0 (compatible; Googlebot/2.1; +http://www.google.com/bot.html)"
66.249.65.61 - - [22/Apr/2017:08:54:48 +0700] "GET /media/system/js/zozo_tabs_v.6.5/source/zozo.tabs.themes.min.css HTTP/1.1" 404 583 "http://pres.banhangonline88.com/lien-he.html" "Mozilla/5.0 (compatible; Googlebot/2.1; +http://www.google.com/bot.html)"
66.249.65.62 - - [22/Apr/2017:08:54:49 +0700] "GET /plugins/content/bt_socialshare/assets/bt_socialshare.min.css HTTP/1.1" 404 580 "http://pres.banhangonline88.com/lien-he.html" "Mozilla/5.0 (compatible; Googlebot/2.1; +http://www.google.com/bot.html)"
66.249.65.61 - - [22/Apr/2017:08:54:49 +0700] "GET /media/system/js/zozo_tabs_v.6.5/source/zozo.tabs.underlined.min.css HTTP/1.1" 404 586 "http://pres.banhangonline88.com/lien-he.html" "Mozilla/5.0 (compatible; Googlebot/2.1; +http://www.google.com/bot.html)"
66.249.65.61 - - [22/Apr/2017:08:54:49 +0700] "GET /modules/mod_pageload/assets/less/style.min.css HTTP/1.1" 404 565 "http://pres.banhangonline88.com/lien-he.html" "Mozilla/5.0 (compatible; Googlebot/2.1; +http://www.google.com/bot.html)"
66.249.65.62 - - [22/Apr/2017:08:54:50 +0700] "GET /media/system/js/zozo_tabs_v.6.5/source-flat/zozo.tabs.flat.themes.min.css HTTP/1.1" 404 592 "http://pres.banhangonline88.com/lien-he.html" "Mozilla/5.0 (compatible; Googlebot/2.1; +http://www.google.com/bot.html)"
66.249.65.61 - - [22/Apr/2017:08:54:50 +0700] "GET /media/system/js/jquery.avgrund.js-master/style/avgrund.min.css HTTP/1.1" 404 581 "http://pres.banhangonline88.com/lien-he.html" "Mozilla/5.0 (compatible; Googlebot/2.1; +http://www.google.com/bot.html)"
66.249.65.61 - - [22/Apr/2017:08:54:51 +0700] "GET /media/system/js/zozo_tabs_v.6.5/source/zozo.tabs.vertical.min.css HTTP/1.1" 404 584 "http://pres.banhangonline88.com/lien-he.html" "Mozilla/5.0 (compatible; Googlebot/2.1; +http://www.google.com/bot.html)"
66.249.65.61 - - [22/Apr/2017:08:54:51 +0700] "GET /modules/mod_menu/assests/less/hompagetopleftmenu.min.css HTTP/1.1" 404 575 "http://pres.banhangonline88.com/lien-he.html" "Mozilla/5.0 (compatible; Googlebot/2.1; +http://www.google.com/bot.html)"
66.249.65.61 - - [22/Apr/2017:08:54:52 +0700] "GET /media/system/js/jquery-flexdatalist-1.9.2/jquery.flexdatalist.min.css HTTP/1.1" 404 588 "http://pres.banhangonline88.com/lien-he.html" "Mozilla/5.0 (compatible; Googlebot/2.1; +http://www.google.com/bot.html)"
66.249.65.61 - - [22/Apr/2017:08:54:52 +0700] "GET /media/system/js/zozo_tabs_v.6.5/source-flat/zozo.tabs.flat.styles.min.css HTTP/1.1" 404 592 "http://pres.banhangonline88.com/lien-he.html" "Mozilla/5.0 (compatible; Googlebot/2.1; +http://www.google.com/bot.html)"
66.249.65.61 - - [22/Apr/2017:08:54:53 +0700] "GET /modules/mod_menu/assests/js/hompagetopleftmenu.js HTTP/1.1" 404 568 "http://pres.banhangonline88.com/lien-he.html" "Mozilla/5.0 (compatible; Googlebot/2.1; +http://www.google.com/bot.html)"
66.249.65.61 - - [22/Apr/2017:08:54:53 +0700] "GET /modules/mod_menu/assests/less/homeverticalmenutag.min.css HTTP/1.1" 404 576 "http://pres.banhangonline88.com/lien-he.html" "Mozilla/5.0 (compatible; Googlebot/2.1; +http://www.google.com/bot.html)"
66.249.65.61 - - [22/Apr/2017:08:54:54 +0700] "GET /media/system/js/zozo_tabs_v.6.5/js/zozo.tabs.js HTTP/1.1" 404 566 "http://pres.banhangonline88.com/lien-he.html" "Mozilla/5.0 (compatible; Googlebot/2.1; +http://www.google.com/bot.html)"
66.249.65.61 - - [22/Apr/2017:08:54:54 +0700] "GET /media/system/js/zozo_tabs_v.6.5/css/zozo.tabs.min.css HTTP/1.1" 404 572 "http://pres.banhangonline88.com/lien-he.html" "Mozilla/5.0 (compatible; Googlebot/2.1; +http://www.google.com/bot.html)"
5.255.250.97 - - [22/Apr/2017:08:54:54 +0700] "GET /robots.txt HTTP/1.1" 404 530 "-" "Mozilla/5.0 (compatible; YandexBot/3.0; +http://yandex.com/bots)"
66.249.65.61 - - [22/Apr/2017:08:54:54 +0700] "GET /modules/mod_pageload/assets/css/style.min.css HTTP/1.1" 404 564 "http://pres.banhangonline88.com/lien-he.html" "Mozilla/5.0 (compatible; Googlebot/2.1; +http://www.google.com/bot.html)"
66.249.65.61 - - [22/Apr/2017:08:54:55 +0700] "GET /media/system/js/slick-master/slick/slick-theme.min.css HTTP/1.1" 404 573 "http://pres.banhangonline88.com/lien-he.html" "Mozilla/5.0 (compatible; Googlebot/2.1; +http://www.google.com/bot.html)"
66.249.65.61 - - [22/Apr/2017:08:54:55 +0700] "GET /media/system/js/malihu-custom-scrollbar-plugin-master/js/uncompressed/jquery.mCustomScrollbar.js HTTP/1.1" 404 615 "http://pres.banhangonline88.com/lien-he.html" "Mozilla/5.0 (compatible; Googlebot/2.1; +http://www.google.com/bot.html)"
66.249.65.61 - - [22/Apr/2017:08:54:56 +0700] "GET /media/system/js/zozo_tabs_v.6.5/source-flat/zozo.tabs.flat.min.css HTTP/1.1" 404 585 "http://pres.banhangonline88.com/lien-he.html" "Mozilla/5.0 (compatible; Googlebot/2.1; +http://www.google.com/bot.html)"
66.249.65.61 - - [22/Apr/2017:08:54:56 +0700] "GET /media/system/js/malihu-custom-scrollbar-plugin-master/jquery.mCustomScrollbar.min.css HTTP/1.1" 404 604 "http://pres.banhangonline88.com/lien-he.html" "Mozilla/5.0 (compatible; Googlebot/2.1; +http://www.google.com/bot.html)"
66.249.65.61 - - [22/Apr/2017:08:54:57 +0700] "GET /media/system/js/zozo_tabs_v.6.5/source/zozo.tabs.core.min.css HTTP/1.1" 404 580 "http://pres.banhangonline88.com/lien-he.html" "Mozilla/5.0 (compatible; Googlebot/2.1; +http://www.google.com/bot.html)"
5.255.250.97 - - [22/Apr/2017:08:54:57 +0700] "GET /the-thao/product/5312-ke-ti-vi-go-tram-ktv01.html HTTP/1.1" 404 569 "-" "Mozilla/5.0 (compatible; YandexBot/3.0; +http://yandex.com/bots)"
66.249.65.61 - - [22/Apr/2017:08:54:57 +0700] "GET /media/system/js/icheck-1.x/skins/flat/_all.min.css HTTP/1.1" 404 569 "http://pres.banhangonline88.com/lien-he.html" "Mozilla/5.0 (compatible; Googlebot/2.1; +http://www.google.com/bot.html)"
66.249.65.61 - - [22/Apr/2017:08:54:58 +0700] "GET /media/system/js/zozo_tabs_v.6.5/source/zozo.tabs.clean.min.css HTTP/1.1" 404 581 "http://pres.banhangonline88.com/lien-he.html" "Mozilla/5.0 (compatible; Googlebot/2.1; +http://www.google.com/bot.html)"
5.255.250.97 - - [22/Apr/2017:08:54:58 +0700] "GET /dien-thoai-vien-thong/mobile-mre/product/5334-vertu-m6i-singapore.html HTTP/1.1" 404 589 "-" "Mozilla/5.0 (compatible; YandexBot/3.0; +http://yandex.com/bots)"
66.249.65.61 - - [22/Apr/2017:08:54:58 +0700] "GET /media/system/js/slick-master/slick/slick.min.css HTTP/1.1" 404 567 "http://pres.banhangonline88.com/lien-he.html" "Mozilla/5.0 (compatible; Googlebot/2.1; +http://www.google.com/bot.html)"
66.249.65.61 - - [22/Apr/2017:08:54:59 +0700] "GET /modules/mod_search/assets/less/mod_search.min.css HTTP/1.1" 404 568 "http://pres.banhangonline88.com/lien-he.html" "Mozilla/5.0 (compatible; Googlebot/2.1; +http://www.google.com/bot.html)"
66.249.65.61 - - [22/Apr/2017:08:54:59 +0700] "GET /media/system/js/malihu-custom-scrollbar-plugin-master/js/uncompressed/jquery.mousewheel-3.0.6.js HTTP/1.1" 404 615 "http://pres.banhangonline88.com/lien-he.html" "Mozilla/5.0 (compatible; Googlebot/2.1; +http://www.google.com/bot.html)"
66.249.65.61 - - [22/Apr/2017:08:54:59 +0700] "GET /media/system/js/zozo_tabs_v.6.5/source/zozo.tabs.mobile.min.css HTTP/1.1" 404 582 "http://pres.banhangonline88.com/lien-he.html" "Mozilla/5.0 (compatible; Googlebot/2.1; +http://www.google.com/bot.html)"
66.249.65.61 - - [22/Apr/2017:08:55:00 +0700] "GET /media/system/js/icheck-1.x/icheck.js HTTP/1.1" 404 555 "http://pres.banhangonline88.com/lien-he.html" "Mozilla/5.0 (compatible; Googlebot/2.1; +http://www.google.com/bot.html)"
66.249.65.61 - - [22/Apr/2017:08:55:00 +0700] "GET /modules/mod_search/assets/js/mod_search.js HTTP/1.1" 404 561 "http://pres.banhangonline88.com/lien-he.html" "Mozilla/5.0 (compatible; Googlebot/2.1; +http://www.google.com/bot.html)"
5.255.250.97 - - [22/Apr/2017:08:55:01 +0700] "GET /dien-tu-dien-may/nhac-cu/product/3709-may-dong-dai-thung-tan-sao-bac-a-kzb-i.html HTTP/1.1" 404 601 "-" "Mozilla/5.0 (compatible; YandexBot/3.0; +http://yandex.com/bots)"
66.249.65.61 - - [22/Apr/2017:08:55:01 +0700] "GET /media/system/js/zozo_tabs_v.6.5/source/zozo.tabs.responsive.min.css HTTP/1.1" 404 586 "http://pres.banhangonline88.com/lien-he.html" "Mozilla/5.0 (compatible; Googlebot/2.1; +http://www.google.com/bot.html)"
66.249.73.169 - - [22/Apr/2017:08:57:57 +0700] "GET /dien-tu-dien-may/do-gia-dung/product/5747-tay-game-micro-kingdom-8700.html HTTP/1.1" 404 594 "-" "Mozilla/5.0 (compatible; Googlebot/2.1; +http://www.google.com/bot.html)"
66.249.73.169 - - [22/Apr/2017:08:58:52 +0700] "GET /images/com_hikashop/upload/thumbnails/300x250f/ghe-tap-ta-da-nang-pro-dd40.jpg HTTP/1.1" 404 598 "-" "Googlebot-Image/1.0"
66.249.65.63 - - [22/Apr/2017:09:01:17 +0700] "GET /o-to-xe-may-xe-dap-uoq/o-to-xe-hoi.html HTTP/1.1" 404 559 "-" "Mozilla/5.0 (compatible; Googlebot/2.1; +http://www.google.com/bot.html)"
66.249.73.169 - - [22/Apr/2017:09:01:44 +0700] "GET /cong-nghiep-va-xay-dung/nong-lam-ngu-nghiep/product/4181-ghe-tap-co-bung-tv2.html HTTP/1.1" 404 601 "-" "Mozilla/5.0 (compatible; Googlebot/2.1; +http://www.google.com/bot.html)"
5.255.250.97 - - [22/Apr/2017:09:09:10 +0700] "GET /component/hikashop/product/6325-bo-kich-phao-sang-vdkp-8.html HTTP/1.1" 404 581 "-" "Mozilla/5.0 (compatible; YandexBot/3.0; +http://yandex.com/bots)"
5.255.250.97 - - [22/Apr/2017:09:09:12 +0700] "GET /mua-chung/product/3563-bang-tu-imation-d8-160.html HTTP/1.1" 404 569 "-" "Mozilla/5.0 (compatible; YandexBot/3.0; +http://yandex.com/bots)"
5.255.250.97 - - [22/Apr/2017:09:09:25 +0700] "GET /categories-listing/product/4955-xiaomi-wireless-bluetooth-gamepad.html HTTP/1.1" 404 590 "-" "Mozilla/5.0 (compatible; YandexBot/3.0; +http://yandex.com/bots)"
141.8.143.197 - - [22/Apr/2017:09:09:49 +0700] "GET /hoi-dap/n%C6%A1i-n%C3%A0o-d%E1%BA%A1y-l%E1%BA%ADp-tr%C3%ACnh-b%E1%BB%95-sung-ki%E1%BA%BFn-th%E1%BB%A9c-cho-ng%C6%B0%E1%BB%9Di-%C4%91i-l%C3%A0m/latest.html HTTP/1.1" 404 614 "-" "Mozilla/5.0 (compatible; YandexBot/3.0; +http://yandex.com/bots)"
5.255.250.97 - - [22/Apr/2017:09:10:32 +0700] "GET /o-to-xe-may-xe-dap-uoq/product/1401-tranh-dan-tuong-thien-nhien-mua-thu-dieu-ki-o-ukraine-d0369.html HTTP/1.1" 404 620 "-" "Mozilla/5.0 (compatible; YandexBot/3.0; +http://yandex.com/bots)"
5.255.250.79 - - [22/Apr/2017:09:10:56 +0700] "GET /dich-vu-giai-tri-du-lich/cho-thue/product/6175-panasonic-kx-te82474-card-mo-rong.html HTTP/1.1" 404 605 "-" "Mozilla/5.0 (compatible; YandexBot/3.0; +http://yandex.com/bots)"
66.249.73.177 - - [22/Apr/2017:09:13:05 +0700] "GET /dich-vu-giai-tri-du-lich/game-do-choi/product/4767-mang-an-tho-loai-lon-20cm.html HTTP/1.1" 404 601 "-" "Mozilla/5.0 (compatible; Googlebot/2.1; +http://www.google.com/bot.html)"
5.255.250.97 - - [22/Apr/2017:09:23:32 +0700] "GET /do-dung-sinh-hoat/product/6770-permecide-50ec.html HTTP/1.1" 404 570 "-" "Mozilla/5.0 (compatible; YandexBot/3.0; +http://yandex.com/bots)"
5.255.250.97 - - [22/Apr/2017:09:23:34 +0700] "GET /mua-chung/product/3133-may-lam-mat-khong-khi-sumika-d55.html HTTP/1.1" 404 579 "-" "Mozilla/5.0 (compatible; YandexBot/3.0; +http://yandex.com/bots)"
5.255.250.97 - - [22/Apr/2017:09:23:50 +0700] "GET /me-be/product/5966-may-hut-sua-medela-pump-in-style-advanced-tui-vang-cu.html HTTP/1.1" 404 597 "-" "Mozilla/5.0 (compatible; YandexBot/3.0; +http://yandex.com/bots)"
66.249.73.177 - - [22/Apr/2017:09:24:26 +0700] "GET /cong-nghiep-va-xay-dung/nong-lam-ngu-nghiep/product/4615-brunswick-globe-viz.html HTTP/1.1" 404 601 "-" "Mozilla/5.0 (compatible; Googlebot/2.1; +http://www.google.com/bot.html)"
5.255.250.97 - - [22/Apr/2017:09:24:30 +0700] "GET /thoi-trang-va-phu-kien/product/4032-tui-dung-giay-the-thao-f5-xanh-nhat.html HTTP/1.1" 404 596 "-" "Mozilla/5.0 (compatible; YandexBot/3.0; +http://yandex.com/bots)"
5.255.250.47 - - [22/Apr/2017:09:24:46 +0700] "GET /cong-nghiep-va-xay-dung/product/2860-hop-giam-toc-yeoni-tncy.html HTTP/1.1" 404 585 "-" "Mozilla/5.0 (compatible; YandexBot/3.0; +http://yandex.com/bots)"
5.255.250.97 - - [22/Apr/2017:09:25:15 +0700] "GET /may-anh-may-quay-zw6/product/7-vantech-vt-3213.html HTTP/1.1" 404 571 "-" "Mozilla/5.0 (compatible; YandexBot/3.0; +http://yandex.com/bots)"
5.255.250.97 - - [22/Apr/2017:09:25:52 +0700] "GET /categories-listing/product/6132-thit-hop-hormel-spam-black-pepper-340g.html HTTP/1.1" 404 595 "-" "Mozilla/5.0 (compatible; YandexBot/3.0; +http://yandex.com/bots)"
5.255.250.97 - - [22/Apr/2017:09:27:15 +0700] "GET /mua-chung/product/3133-may-lam-mat-khong-khi-sumika-d55.html HTTP/1.1" 404 580 "-" "Mozilla/5.0 (compatible; YandexBot/3.0; +http://yandex.com/bots)"
66.249.73.239 - - [22/Apr/2017:09:27:28 +0700] "GET /dang-ky-lam-cong-tac-vien.html HTTP/1.1" 404 550 "-" "Mozilla/5.0 (compatible; Googlebot/2.1; +http://www.google.com/bot.html)"
66.249.73.236 - - [22/Apr/2017:09:34:01 +0700] "GET /hoi-dap.html HTTP/1.1" 404 532 "-" "Mozilla/5.0 (compatible; Googlebot/2.1; +http://www.google.com/bot.html)"
66.249.65.195 - - [22/Apr/2017:09:35:47 +0700] "GET /robots.txt HTTP/1.1" 404 530 "-" "Mozilla/5.0 (compatible; Googlebot/2.1; +http://www.google.com/bot.html)"
66.249.65.250 - - [22/Apr/2017:09:35:48 +0700] "GET /hang-sach-tay/product/6540-sung-phun-son-pep-phun13mm-sealey-hvlp741.html HTTP/1.1" 404 593 "-" "Mozilla/5.0 (compatible; Googlebot/2.1; +http://www.google.com/bot.html)"
5.255.250.97 - - [22/Apr/2017:09:37:20 +0700] "GET /may-tinh-linh-kien-x4a/product/4473-bong-mini.html HTTP/1.1" 404 570 "-" "Mozilla/5.0 (compatible; YandexBot/3.0; +http://yandex.com/bots)"
5.255.250.97 - - [22/Apr/2017:09:37:36 +0700] "GET /me-be/product/5303-bo-phong-ngu-gia-loc-37.html HTTP/1.1" 404 567 "-" "Mozilla/5.0 (compatible; YandexBot/3.0; +http://yandex.com/bots)"
100.43.91.1 - - [22/Apr/2017:09:37:39 +0700] "GET /thuc-pham-do-uong-k02/dac-san/product/3120-yealink-sip-t22p.html HTTP/1.1" 404 584 "-" "Mozilla/5.0 (compatible; YandexBot/3.0; +http://yandex.com/bots)"
5.255.250.68 - - [22/Apr/2017:09:38:02 +0700] "GET /component/hikashop/product/1160-tranh-dan-tuong-cong-vien-hill-c0116.html HTTP/1.1" 404 593 "-" "Mozilla/5.0 (compatible; YandexBot/3.0; +http://yandex.com/bots)"
5.255.250.97 - - [22/Apr/2017:09:38:26 +0700] "GET /categories-listing/product/5002-qua-bong-chay-da-mem-b548.html HTTP/1.1" 404 582 "-" "Mozilla/5.0 (compatible; YandexBot/3.0; +http://yandex.com/bots)"
77.88.47.89 - - [22/Apr/2017:09:39:33 +0700] "GET /may-tinh-linh-kien-x4a/product/6435-xe-dap-the-thao-mt19-banh-24-inch.html HTTP/1.1" 404 594 "-" "Mozilla/5.0 (compatible; YandexBot/3.0; +http://yandex.com/bots)"
66.249.73.173 - - [22/Apr/2017:09:39:34 +0700] "GET /may-tinh-linh-kien-x4a/product/5314-bo-sofa-4-mon-lg-sf004.html HTTP/1.1" 404 583 "-" "Mozilla/5.0 (compatible; Googlebot/2.1; +http://www.google.com/bot.html)"
66.249.73.177 - - [22/Apr/2017:09:40:10 +0700] "GET /images/com_hikashop/upload/thumbnails/300x250f/2_318035198.jpg HTTP/1.1" 404 582 "-" "Googlebot-Image/1.0"
5.255.250.97 - - [22/Apr/2017:09:40:39 +0700] "GET /may-anh-may-quay-zw6/product/3220-bo-sac-4-dau-orico-dce-4u-dung-cho-iphoneipadandroid.html HTTP/1.1" 404 611 "-" "Mozilla/5.0 (compatible; YandexBot/3.0; +http://yandex.com/bots)"
66.249.73.169 - - [22/Apr/2017:09:43:21 +0700] "GET /the-thao/bowling-bzr/product/6797-vien-giat-da-chieu-tide-pods-danh-cho-may-giat.html HTTP/1.1" 404 605 "-" "Mozilla/5.0 (compatible; Googlebot/2.1; +http://www.google.com/bot.html)"
66.249.73.239 - - [22/Apr/2017:09:47:10 +0700] "GET /may-tinh-linh-kien-x4a/may-tinh-dieu-khien-cong-nghiep/switch-cong-nghiep/product/3319-sandisk-micro-sdhc-extreme-pro-633x-32gb.html HTTP/1.1" 404 652 "-" "Mozilla/5.0 (compatible; Googlebot/2.1; +http://www.google.com/bot.html)"
66.249.73.177 - - [22/Apr/2017:09:50:55 +0700] "GET /the-thao/cau-long/product/228-tranh-dan-tuong-toan-canh-ve-dep-ho-tahoe-b0259.html HTTP/1.1" 404 602 "-" "Mozilla/5.0 (compatible; Googlebot/2.1; +http://www.google.com/bot.html)"
5.255.250.97 - - [22/Apr/2017:09:54:17 +0700] "GET /dien-tu-dien-may/nhac-cu/product/6533-tui-loc-bui-polyester-chong-tinh-dien-dt002.html HTTP/1.1" 404 606 "-" "Mozilla/5.0 (compatible; YandexBot/3.0; +http://yandex.com/bots)"
199.21.99.198 - - [22/Apr/2017:09:54:21 +0700] "GET /component/hikashop/product/6887-bo-quan-ao-be-trai-tim-xam.html HTTP/1.1" 404 583 "-" "Mozilla/5.0 (compatible; YandexBot/3.0; +http://yandex.com/bots)"
5.255.250.63 - - [22/Apr/2017:09:54:21 +0700] "GET /component/hikamarket/vendor/show/312-ca-ng-ty-tnhh-sa-n-xua-t-xa-y-da-ng-xnk-thanh-thia-n.html HTTP/1.1" 404 614 "-" "Mozilla/5.0 (compatible; YandexBot/3.0; +http://yandex.com/bots)"
5.255.250.97 - - [22/Apr/2017:09:55:02 +0700] "GET /categories-listing/product/3317-dau-bao-chay-khoi-horing-lih-ah-03311-2.html HTTP/1.1" 404 596 "-" "Mozilla/5.0 (compatible; YandexBot/3.0; +http://yandex.com/bots)"
100.43.91.10 - - [22/Apr/2017:09:55:04 +0700] "GET /may-tinh-linh-kien-x4a/product/5943-xe-bon-cho-xang-hyundai-hd210.html HTTP/1.1" 404 590 "-" "Mozilla/5.0 (compatible; YandexBot/3.0; +http://yandex.com/bots)"
212.237.10.57 - - [22/Apr/2017:09:58:12 +0700] "GET /muieblackcat HTTP/1.1" 404 495 "-" "-"
212.237.10.57 - - [22/Apr/2017:09:58:13 +0700] "GET //phpMyAdmin/scripts/setup.php HTTP/1.1" 404 511 "-" "-"
212.237.10.57 - - [22/Apr/2017:09:58:14 +0700] "GET //phpmyadmin/scripts/setup.php HTTP/1.1" 404 511 "-" "-"
212.237.10.57 - - [22/Apr/2017:09:58:14 +0700] "GET //pma/scripts/setup.php HTTP/1.1" 404 504 "-" "-"
212.237.10.57 - - [22/Apr/2017:09:58:15 +0700] "GET //myadmin/scripts/setup.php HTTP/1.1" 404 508 "-" "-"
212.237.10.57 - - [22/Apr/2017:09:58:15 +0700] "GET //MyAdmin/scripts/setup.php HTTP/1.1" 404 508 "-" "-"
141.8.143.204 - - [22/Apr/2017:10:08:13 +0700] "GET /may-anh-may-quay-zw6/product/5922-ricoh-gr-mark-ii.html HTTP/1.1" 404 575 "-" "Mozilla/5.0 (compatible; YandexBot/3.0; +http://yandex.com/bots)"
5.255.250.97 - - [22/Apr/2017:10:08:39 +0700] "GET /may-tinh-linh-kien-x4a/product/4394-ban-bida-france-3-bi-hollywood.html HTTP/1.1" 404 591 "-" "Mozilla/5.0 (compatible; YandexBot/3.0; +http://yandex.com/bots)"
5.255.250.14 - - [22/Apr/2017:10:08:42 +0700] "GET /tuyen-dung-cong-tac-vien.feed?type=rss HTTP/1.1" 404 549 "-" "Mozilla/5.0 (compatible; YandexBot/3.0; +http://yandex.com/bots)"
5.255.250.79 - - [22/Apr/2017:10:08:54 +0700] "GET /mang-xa-hoi/t%C3%A0i%20kho%E1%BA%A3n/lostpassword.html HTTP/1.1" 404 562 "-" "Mozilla/5.0 (compatible; YandexBot/3.0; +http://yandex.com/bots)"
5.255.250.97 - - [22/Apr/2017:10:09:18 +0700] "GET /dien-tu-dien-may/nhac-cu/product/2549-trung-ca-tuyet-an-lien-nissui-nhat-ban-60g.html HTTP/1.1" 404 605 "-" "Mozilla/5.0 (compatible; YandexBot/3.0; +http://yandex.com/bots)"
5.255.250.97 - - [22/Apr/2017:10:09:46 +0700] "GET /may-anh-may-quay-zw6/product/4130-may-rung-bung-dung-mp3-eneck-r08.html HTTP/1.1" 404 591 "-" "Mozilla/5.0 (compatible; YandexBot/3.0; +http://yandex.com/bots)"
5.255.250.97 - - [22/Apr/2017:10:10:11 +0700] "GET /thuc-pham-do-uong-k02/kem-do-dong-lanh/category/40-gps-he-thong-dinh-vi-ve-tinh.html HTTP/1.1" 404 604 "-" "Mozilla/5.0 (compatible; YandexBot/3.0; +http://yandex.com/bots)"
5.255.250.97 - - [22/Apr/2017:10:10:13 +0700] "GET /mua-chung/product/3616-ong-say-que-han-5kg-a-5b.html HTTP/1.1" 404 571 "-" "Mozilla/5.0 (compatible; YandexBot/3.0; +http://yandex.com/bots)"
5.255.250.97 - - [22/Apr/2017:10:10:50 +0700] "GET /may-anh-may-quay-zw6/may-anh-may-quay-qec/product/5839-tivi-led-sony-kd-55x9000c-55-inch-4k-ultra-hd.html HTTP/1.1" 404 625 "-" "Mozilla/5.0 (compatible; YandexBot/3.0; +http://yandex.com/bots)"
66.249.65.61 - - [22/Apr/2017:10:16:40 +0700] "GET /media/com_hikamarket/css/frontend_default.min.css HTTP/1.1" 404 569 "http://pres.banhangonline88.com/the-thao/bilac-yo2.html" "Mozilla/5.0 (compatible; Googlebot/2.1; +http://www.google.com/bot.html)"
66.249.65.61 - - [22/Apr/2017:10:16:40 +0700] "GET /libraries/joomla/html/controller/show_screen_size/style.min.css HTTP/1.1" 404 582 "http://pres.banhangonline88.com/the-thao/bilac-yo2.html" "Mozilla/5.0 (compatible; Googlebot/2.1; +http://www.google.com/bot.html)"
66.249.65.62 - - [22/Apr/2017:10:16:41 +0700] "GET /media/com_easysocial/config/d5f34cf9276f9a3542af2d5e4260b97f.js HTTP/1.1" 404 583 "http://pres.banhangonline88.com/the-thao/bilac-yo2.html" "Mozilla/5.0 (compatible; Googlebot/2.1; +http://www.google.com/bot.html)"
66.249.73.209 - - [22/Apr/2017:10:21:11 +0700] "GET /sach-van-phong-qua-tang/hoa-qua-tang-do-choi/product/1427-tranh-dan-tuong-thien-nhien-hang-cay-anh-nang-mua-thu-d0349.html HTTP/1.1" 404 642 "-" "Mozilla/5.0 (compatible; Googlebot/2.1; +http://www.google.com/bot.html)"
5.255.250.97 - - [22/Apr/2017:10:22:43 +0700] "GET /danh-cho-mua-buon/product/3314-dau-do-hong-ngoai-dang-beam-co-dia-chi-gst-i-9105r.html HTTP/1.1" 404 606 "-" "Mozilla/5.0 (compatible; YandexBot/3.0; +http://yandex.com/bots)"
77.88.47.33 - - [22/Apr/2017:10:23:18 +0700] "GET /may-anh-may-quay-zw6/product/5945-xe-tai-94-tan-hino-jpsl-gan-cau-unic.html HTTP/1.1" 404 595 "-" "Mozilla/5.0 (compatible; YandexBot/3.0; +http://yandex.com/bots)"
5.255.250.97 - - [22/Apr/2017:10:23:28 +0700] "GET /hoi-dap/index.html HTTP/1.1" 404 538 "-" "Mozilla/5.0 (compatible; YandexBot/3.0; +http://yandex.com/bots)"
5.255.250.47 - - [22/Apr/2017:10:23:30 +0700] "GET /may-tinh-linh-kien-x4a/product/6429-hop-gem-ford-transit.html HTTP/1.1" 404 581 "-" "Mozilla/5.0 (compatible; YandexBot/3.0; +http://yandex.com/bots)"
5.255.250.97 - - [22/Apr/2017:10:23:42 +0700] "GET /mua-chung/product/3133-may-lam-mat-khong-khi-sumika-d55.html HTTP/1.1" 404 580 "-" "Mozilla/5.0 (compatible; YandexBot/3.0; +http://yandex.com/bots)"
5.255.250.97 - - [22/Apr/2017:10:23:44 +0700] "GET /may-anh-may-quay-zw6/product/4858-bo-ban-ghe-hoc-sinh-thong-minh-okyou-bghs-f1.html HTTP/1.1" 404 602 "-" "Mozilla/5.0 (compatible; YandexBot/3.0; +http://yandex.com/bots)"
5.255.250.97 - - [22/Apr/2017:10:23:46 +0700] "GET /dien-tu-dien-may/nhac-cu/product/5355-day-han-quang-tltelecom-pigtail-sc-singlemode.html HTTP/1.1" 404 607 "-" "Mozilla/5.0 (compatible; YandexBot/3.0; +http://yandex.com/bots)"
5.255.250.97 - - [22/Apr/2017:10:23:49 +0700] "GET /may-anh-may-quay-zw6/product/5000-gang-tay-bat-bong-chay-gopher.html HTTP/1.1" 404 588 "-" "Mozilla/5.0 (compatible; YandexBot/3.0; +http://yandex.com/bots)"
5.255.250.97 - - [22/Apr/2017:10:23:50 +0700] "GET /dien-tu-dien-may/nhac-cu/product/3836-son-ma-kem-zincosil-siliconi-11310.html HTTP/1.1" 404 596 "-" "Mozilla/5.0 (compatible; YandexBot/3.0; +http://yandex.com/bots)"
5.255.250.97 - - [22/Apr/2017:10:23:52 +0700] "GET /categories-listing/product/4055-dong-luc-kfhg-206.html HTTP/1.1" 404 573 "-" "Mozilla/5.0 (compatible; YandexBot/3.0; +http://yandex.com/bots)"
5.255.250.97 - - [22/Apr/2017:10:24:03 +0700] "GET /hang-sach-tay/product/6754-den-pin-sac-kentom-kt-203-led.html HTTP/1.1" 404 581 "-" "Mozilla/5.0 (compatible; YandexBot/3.0; +http://yandex.com/bots)"
5.255.250.97 - - [22/Apr/2017:10:24:32 +0700] "GET /ho-tro-nha-cung-cap/department/dich-vu-ho-tro.html HTTP/1.1" 404 570 "-" "Mozilla/5.0 (compatible; YandexBot/3.0; +http://yandex.com/bots)"
77.88.47.15 - - [22/Apr/2017:10:25:24 +0700] "GET /component/hikashop/product/3746-kem-thoi-ypkz-99995.html HTTP/1.1" 404 576 "-" "Mozilla/5.0 (compatible; YandexBot/3.0; +http://yandex.com/bots)"
100.43.91.11 - - [22/Apr/2017:10:25:27 +0700] "GET /the-thao/bong-nuoc.html HTTP/1.1" 404 543 "-" "Mozilla/5.0 (compatible; YandexBot/3.0; +http://yandex.com/bots)"
5.255.250.97 - - [22/Apr/2017:10:25:36 +0700] "GET /thoi-trang-va-phu-kien/product/3728-may-cua-ban-truot-jica-mj6128.html HTTP/1.1" 404 590 "-" "Mozilla/5.0 (compatible; YandexBot/3.0; +http://yandex.com/bots)"
5.255.250.97 - - [22/Apr/2017:10:26:06 +0700] "GET /hang-sach-tay/product/3872-con-viet-tien-c10.html HTTP/1.1" 404 569 "-" "Mozilla/5.0 (compatible; YandexBot/3.0; +http://yandex.com/bots)"
66.249.73.215 - - [22/Apr/2017:10:28:45 +0700] "GET /dich-vu-giai-tri-du-lich/dich-vu-truyen-thong-truyen-hinh/dich-vu-san-xuat-phim/product/226-tranh-dan-tuong-bai-bien-xanh-tuyet-dep-b0261.html HTTP/1.1" 404 662 "-" "Mozilla/5.0 (compatible; Googlebot/2.1; +http://www.google.com/bot.html)"
5.255.250.97 - - [22/Apr/2017:10:30:26 +0700] "GET /categories-listing/product/4055-dong-luc-kfhg-206.html HTTP/1.1" 404 574 "-" "Mozilla/5.0 (compatible; YandexBot/3.0; +http://yandex.com/bots)"
5.255.250.97 - - [22/Apr/2017:10:30:28 +0700] "GET /dien-tu-dien-may/nhac-cu/product/5355-day-han-quang-tltelecom-pigtail-sc-singlemode.html HTTP/1.1" 404 607 "-" "Mozilla/5.0 (compatible; YandexBot/3.0; +http://yandex.com/bots)"
5.255.250.97 - - [22/Apr/2017:10:30:30 +0700] "GET /mua-chung/product/3133-may-lam-mat-khong-khi-sumika-d55.html HTTP/1.1" 404 579 "-" "Mozilla/5.0 (compatible; YandexBot/3.0; +http://yandex.com/bots)"
5.255.250.97 - - [22/Apr/2017:10:30:32 +0700] "GET /may-anh-may-quay-zw6/product/5000-gang-tay-bat-bong-chay-gopher.html HTTP/1.1" 404 588 "-" "Mozilla/5.0 (compatible; YandexBot/3.0; +http://yandex.com/bots)"
5.255.250.97 - - [22/Apr/2017:10:30:34 +0700] "GET /may-anh-may-quay-zw6/product/4858-bo-ban-ghe-hoc-sinh-thong-minh-okyou-bghs-f1.html HTTP/1.1" 404 602 "-" "Mozilla/5.0 (compatible; YandexBot/3.0; +http://yandex.com/bots)"
66.249.73.215 - - [22/Apr/2017:10:34:59 +0700] "GET /media/system/js/malihu-custom-scrollbar-plugin-master/jquery.mCustomScrollbar.min.css HTTP/1.1" 404 605 "http://media.banhangonline88.com/cong-nghiep-va-xay-dung/xay-dung/vat-lieu-tho/product/461-day-lung-nam-dl3s7dm210d0.html" "Mozilla/5.0 (compatible; Googlebot/2.1; +http://www.google.com/bot.html)"
66.249.73.215 - - [22/Apr/2017:10:35:00 +0700] "GET /modules/mod_pageload/assets/js/script.js HTTP/1.1" 404 559 "http://media.banhangonline88.com/cong-nghiep-va-xay-dung/xay-dung/vat-lieu-tho/product/461-day-lung-nam-dl3s7dm210d0.html" "Mozilla/5.0 (compatible; Googlebot/2.1; +http://www.google.com/bot.html)"
66.249.73.209 - - [22/Apr/2017:10:35:00 +0700] "GET /modules/mod_search/assets/less/mod_search.min.css HTTP/1.1" 404 569 "http://media.banhangonline88.com/cong-nghiep-va-xay-dung/xay-dung/vat-lieu-tho/product/461-day-lung-nam-dl3s7dm210d0.html" "Mozilla/5.0 (compatible; Googlebot/2.1; +http://www.google.com/bot.html)"
66.249.73.209 - - [22/Apr/2017:10:35:01 +0700] "GET /media/system/js/slick-master/slick/slick.js HTTP/1.1" 404 562 "http://media.banhangonline88.com/cong-nghiep-va-xay-dung/xay-dung/vat-lieu-tho/product/461-day-lung-nam-dl3s7dm210d0.html" "Mozilla/5.0 (compatible; Googlebot/2.1; +http://www.google.com/bot.html)"
66.249.73.215 - - [22/Apr/2017:10:35:01 +0700] "GET /modules/mod_menu/assests/less/hompagetopleftmenu.min.css HTTP/1.1" 404 576 "http://media.banhangonline88.com/cong-nghiep-va-xay-dung/xay-dung/vat-lieu-tho/product/461-day-lung-nam-dl3s7dm210d0.html" "Mozilla/5.0 (compatible; Googlebot/2.1; +http://www.google.com/bot.html)"
66.249.73.215 - - [22/Apr/2017:10:35:02 +0700] "GET /media/com_hikamarket/css/frontend_default.min.css HTTP/1.1" 404 568 "http://media.banhangonline88.com/cong-nghiep-va-xay-dung/xay-dung/vat-lieu-tho/product/461-day-lung-nam-dl3s7dm210d0.html" "Mozilla/5.0 (compatible; Googlebot/2.1; +http://www.google.com/bot.html)"
66.249.73.209 - - [22/Apr/2017:10:35:02 +0700] "GET /media/system/js/slick-master/slick/slick.min.css HTTP/1.1" 404 568 "http://media.banhangonline88.com/cong-nghiep-va-xay-dung/xay-dung/vat-lieu-tho/product/461-day-lung-nam-dl3s7dm210d0.html" "Mozilla/5.0 (compatible; Googlebot/2.1; +http://www.google.com/bot.html)"
66.249.73.209 - - [22/Apr/2017:10:35:03 +0700] "GET /media/system/js/jquery.avgrund.js-master/jquery.avgrund.js HTTP/1.1" 404 577 "http://media.banhangonline88.com/cong-nghiep-va-xay-dung/xay-dung/vat-lieu-tho/product/461-day-lung-nam-dl3s7dm210d0.html" "Mozilla/5.0 (compatible; Googlebot/2.1; +http://www.google.com/bot.html)"
66.249.73.212 - - [22/Apr/2017:10:35:04 +0700] "GET /media/system/js/jquery-flexdatalist-1.9.2/jquery.flexdatalist.min.css HTTP/1.1" 404 589 "http://media.banhangonline88.com/cong-nghiep-va-xay-dung/xay-dung/vat-lieu-tho/product/461-day-lung-nam-dl3s7dm210d0.html" "Mozilla/5.0 (compatible; Googlebot/2.1; +http://www.google.com/bot.html)"
5.255.250.97 - - [22/Apr/2017:10:38:23 +0700] "GET /component/hikashop/product/4257-banh-tennis-prince-futures-3-traihop.html HTTP/1.1" 404 593 "-" "Mozilla/5.0 (compatible; YandexBot/3.0; +http://yandex.com/bots)"
5.255.250.97 - - [22/Apr/2017:10:38:33 +0700] "GET /sach-van-phong-qua-tang/product/4061-dan-ta-g-8631.html HTTP/1.1" 404 575 "-" "Mozilla/5.0 (compatible; YandexBot/3.0; +http://yandex.com/bots)"
5.255.250.97 - - [22/Apr/2017:10:38:35 +0700] "GET /the-thao/billiard-bi-a-ffh/product/3990-giay-bong-da-san-co-nhan-tao-xanh-clb.html HTTP/1.1" 404 601 "-" "Mozilla/5.0 (compatible; YandexBot/3.0; +http://yandex.com/bots)"
5.255.250.97 - - [22/Apr/2017:10:38:46 +0700] "GET /component/hikashop/product/6583-chat-tham-dau-va-hoa-chat-roi-vai-tren-nen-san-kleen-sweep.html HTTP/1.1" 404 615 "-" "Mozilla/5.0 (compatible; YandexBot/3.0; +http://yandex.com/bots)"
5.255.250.97 - - [22/Apr/2017:10:39:18 +0700] "GET /mua-chung/product/6352-anh-9x12-khong-ep.html HTTP/1.1" 404 565 "-" "Mozilla/5.0 (compatible; YandexBot/3.0; +http://yandex.com/bots)"
66.249.73.212 - - [22/Apr/2017:10:39:28 +0700] "GET /dien-tu-dien-may/thiet-bi-cho-cua-hang-sieu-thi/tu-sieu-thi/product/6442-but-xoa-vet-xuoc-fix-it-pro.html HTTP/1.1" 404 625 "-" "Mozilla/5.0 (compatible; Googlebot/2.1; +http://www.google.com/bot.html)"
5.255.250.97 - - [22/Apr/2017:10:40:53 +0700] "GET /component/hikashop/product/3788-chat-tay-vet-vang-o-tren-gach-men-dyma-phoslus.html HTTP/1.1" 404 603 "-" "Mozilla/5.0 (compatible; YandexBot/3.0; +http://yandex.com/bots)"
5.255.250.97 - - [22/Apr/2017:10:41:29 +0700] "GET /mua-chung/product/5895-gay-bong-chay-nhom-mini-28-inch.html HTTP/1.1" 404 579 "-" "Mozilla/5.0 (compatible; YandexBot/3.0; +http://yandex.com/bots)"
5.255.250.97 - - [22/Apr/2017:10:41:44 +0700] "GET /mua-chung/product/4376-bao-vot-flexpro-fb-116-1.html HTTP/1.1" 404 572 "-" "Mozilla/5.0 (compatible; YandexBot/3.0; +http://yandex.com/bots)"
5.255.250.97 - - [22/Apr/2017:10:41:52 +0700] "GET /component/hikashop/product/4691-giay-co-cao-bong-ro-cam-den-nq912.html HTTP/1.1" 404 590 "-" "Mozilla/5.0 (compatible; YandexBot/3.0; +http://yandex.com/bots)"
95.68.197.7 - - [22/Apr/2017:10:42:57 +0700] "GET /images/com_hikashop/upload/d0004.jpg HTTP/1.1" 404 556 "https://www.google.ru/" "Mozilla/5.0 (Windows NT 6.1) AppleWebKit/537.36 (KHTML, like Gecko) Chrome/59.0.3071.16 Safari/537.36"
66.249.65.195 - - [22/Apr/2017:10:43:53 +0700] "GET /the-thao/bong-ban/mat-vot-bong-ban-rubbers/product/5327-den-duong-150w250w.html HTTP/1.1" 404 599 "-" "Mozilla/5.0 (compatible; Googlebot/2.1; +http://www.google.com/bot.html)"
66.249.73.239 - - [22/Apr/2017:10:51:27 +0700] "GET /danh-cho-mua-buon/product/3486-pallet-nhua-1111x12-cu.html HTTP/1.1" 404 578 "-" "Mozilla/5.0 (compatible; Googlebot/2.1; +http://www.google.com/bot.html)"
100.43.81.146 - - [22/Apr/2017:10:55:10 +0700] "GET /dich-vu-giai-tri-du-lich/bang-dia-phim-phu-kien/product/4359-qua-cau-long-3-sao-tap-luyen-04.html HTTP/1.1" 404 617 "-" "Mozilla/5.0 (compatible; YandexBot/3.0; +http://yandex.com/bots)"
5.255.250.97 - - [22/Apr/2017:10:55:16 +0700] "GET /hang-sach-tay/product/4375-bao-vot-revilo-2701.html HTTP/1.1" 404 571 "-" "Mozilla/5.0 (compatible; YandexBot/3.0; +http://yandex.com/bots)"
5.255.250.97 - - [22/Apr/2017:10:55:18 +0700] "GET /may-tinh-linh-kien-x4a/product/3712-may-in-date-tren-chai-lo.html HTTP/1.1" 404 584 "-" "Mozilla/5.0 (compatible; YandexBot/3.0; +http://yandex.com/bots)"
5.255.250.97 - - [22/Apr/2017:10:55:20 +0700] "GET /may-anh-may-quay-zw6/product/4794-khung-tranh-go-kt13-18cm.html HTTP/1.1" 404 583 "-" "Mozilla/5.0 (compatible; YandexBot/3.0; +http://yandex.com/bots)"
5.255.250.97 - - [22/Apr/2017:10:55:22 +0700] "GET /the-thao/bilac-yo2/product/4222-xa-don-doi-skt18009.html HTTP/1.1" 404 575 "-" "Mozilla/5.0 (compatible; YandexBot/3.0; +http://yandex.com/bots)"
5.255.250.97 - - [22/Apr/2017:10:55:24 +0700] "GET /hang-sach-tay/product/2900-dong-con-xang-honda-gx160.html HTTP/1.1" 404 577 "-" "Mozilla/5.0 (compatible; YandexBot/3.0; +http://yandex.com/bots)"
5.255.250.97 - - [22/Apr/2017:10:55:26 +0700] "GET /may-tinh-linh-kien-x4a/product/3963-quan-vay-tennis-nu-donex-tim-827-asc-827-03.html HTTP/1.1" 404 603 "-" "Mozilla/5.0 (compatible; YandexBot/3.0; +http://yandex.com/bots)"
5.255.250.97 - - [22/Apr/2017:10:55:28 +0700] "GET /component/hikashop/product/3834-son-ma-kem-zincosil-400ml-mau-sang.html HTTP/1.1" 404 590 "-" "Mozilla/5.0 (compatible; YandexBot/3.0; +http://yandex.com/bots)"
5.255.250.97 - - [22/Apr/2017:10:55:30 +0700] "GET /dich-vu-giai-tri-du-lich/giao-duc/product/2978-tui-xach-nu-cao-cap-tx5tldk029t0.html HTTP/1.1" 404 603 "-" "Mozilla/5.0 (compatible; YandexBot/3.0; +http://yandex.com/bots)"
5.255.250.97 - - [22/Apr/2017:10:55:32 +0700] "GET /thoi-trang-va-phu-kien/dong-ho-deo-tay/product/5695-bo-ban-ghe-cafe-may-nhua-san-vuon-thv-03.html HTTP/1.1" 404 616 "-" "Mozilla/5.0 (compatible; YandexBot/3.0; +http://yandex.com/bots)"
77.88.47.79 - - [22/Apr/2017:10:56:18 +0700] "GET /component/hikamarket/vendor/show/5-ca-ng-ty-tnhh-via-n-tha-ng-g-link.html HTTP/1.1" 404 593 "-" "Mozilla/5.0 (compatible; YandexBot/3.0; +http://yandex.com/bots)"
66.249.73.212 - - [22/Apr/2017:10:59:01 +0700] "GET /thuc-pham-do-uong-k02/product/4-nokia-7500-prism.html HTTP/1.1" 404 573 "-" "Mozilla/5.0 (compatible; Googlebot/2.1; +http://www.google.com/bot.html)"
66.249.73.169 - - [22/Apr/2017:10:59:06 +0700] "GET /component/hikashop/product/6967-xam-hinh-nghe-thuat-quan-11-tphcm.html HTTP/1.1" 404 590 "-" "Mozilla/5.0 (compatible; Googlebot/2.1; +http://www.google.com/bot.html)"
66.249.65.250 - - [22/Apr/2017:10:59:25 +0700] "GET /images/com_hikashop/upload/13_2028899335.jpg HTTP/1.1" 404 564 "-" "Googlebot-Image/1.0"
66.249.73.233 - - [22/Apr/2017:11:02:48 +0700] "GET /may-tinh-linh-kien-x4a/may-tinh-dieu-khien-cong-nghiep/switch-cong-nghiep/product/3349-mieng-dan-cuong-luc-cho-sony-z1-sieu-mong.html HTTP/1.1" 404 653 "-" "Mozilla/5.0 (compatible; Googlebot/2.1; +http://www.google.com/bot.html)"
66.249.73.169 - - [22/Apr/2017:11:06:35 +0700] "GET /dien-tu-dien-may/thiet-bi-theo-mua/product/5905-quan-co-vua-nhua-dac-cao-cap.html HTTP/1.1" 404 601 "-" "Mozilla/5.0 (compatible; Googlebot/2.1; +http://www.google.com/bot.html)"
5.255.250.97 - - [22/Apr/2017:11:07:10 +0700] "GET /component/hikashop/product/5672-loa-jbl-srx-725-cu.html HTTP/1.1" 404 575 "-" "Mozilla/5.0 (compatible; YandexBot/3.0; +http://yandex.com/bots)"
5.255.250.97 - - [22/Apr/2017:11:07:18 +0700] "GET /mua-chung/product/4147-bong-tap-the-hinh-gymball-gai.html HTTP/1.1" 404 577 "-" "Mozilla/5.0 (compatible; YandexBot/3.0; +http://yandex.com/bots)"
5.255.250.97 - - [22/Apr/2017:11:08:13 +0700] "GET /suc-khoe-sac-dep-jkj/cham-soc-mong-va-da-tay-chan.html HTTP/1.1" 404 574 "-" "Mozilla/5.0 (compatible; YandexBot/3.0; +http://yandex.com/bots)"
141.8.143.236 - - [22/Apr/2017:11:08:19 +0700] "GET /component/hikashop/product/1803-pantech-sky-vega-secret-up-a900l-cu.html HTTP/1.1" 404 592 "-" "Mozilla/5.0 (compatible; YandexBot/3.0; +http://yandex.com/bots)"
5.255.250.97 - - [22/Apr/2017:11:09:34 +0700] "GET /the-thao/bilac-yo2/product/4410-cup-kim-loai-819-818-817.html HTTP/1.1" 404 581 "-" "Mozilla/5.0 (compatible; YandexBot/3.0; +http://yandex.com/bots)"
141.8.143.173 - - [22/Apr/2017:11:09:54 +0700] "GET /may-anh-may-quay-zw6/product/6959-ssssssss.html HTTP/1.1" 404 567 "-" "Mozilla/5.0 (compatible; YandexBot/3.0; +http://yandex.com/bots)"
141.8.143.173 - - [22/Apr/2017:11:10:21 +0700] "GET /the-thao/billiard-bi-a-ffh/product/6455-ban-bhs-20-3.html HTTP/1.1" 404 577 "-" "Mozilla/5.0 (compatible; YandexBot/3.0; +http://yandex.com/bots)"
66.249.65.253 - - [22/Apr/2017:11:10:22 +0700] "GET /dich-vu-giai-tri-du-lich/dich-vu-sang-tac-nghe-thuat/product/5326-den-duong-led-luma-cam-bien-quang-50w.html HTTP/1.1" 404 628 "-" "Mozilla/5.0 (compatible; Googlebot/2.1; +http://www.google.com/bot.html)"
141.8.143.173 - - [22/Apr/2017:11:10:28 +0700] "GET /cong-nghiep-va-xay-dung/xay-dung/dien-may/product/3411-thang-may-cho-khach-mitsubishi-ace-p-900-4co.html HTTP/1.1" 404 624 "-" "Mozilla/5.0 (compatible; YandexBot/3.0; +http://yandex.com/bots)"
141.8.143.173 - - [22/Apr/2017:11:10:30 +0700] "GET /thuc-pham-do-uong-k02/nhan-sam/nhan-sam-kho/checkout/notice/cart_type-wishlist/tmpl-component.html HTTP/1.1" 404 617 "-" "Mozilla/5.0 (compatible; YandexBot/3.0; +http://yandex.com/bots)"
5.255.250.97 - - [22/Apr/2017:11:10:44 +0700] "GET /the-thao/bilac-yo2/product/4219-tap-chan-tay-doi-skt18004.html HTTP/1.1" 404 582 "-" "Mozilla/5.0 (compatible; YandexBot/3.0; +http://yandex.com/bots)"
66.249.73.209 - - [22/Apr/2017:11:12:12 +0700] "GET / HTTP/1.1" 200 331 "-" "Mozilla/5.0 (compatible; Googlebot/2.1; +http://www.google.com/bot.html)"
66.249.73.209 - - [22/Apr/2017:11:14:09 +0700] "GET /dich-vu-giai-tri-du-lich/tai-chinh-tien-te/product/6815-romana-resort.html HTTP/1.1" 404 594 "-" "Mozilla/5.0 (compatible; Googlebot/2.1; +http://www.google.com/bot.html)"
66.249.65.72 - - [22/Apr/2017:11:22:02 +0700] "GET /robots.txt HTTP/1.1" 404 530 "-" "Mozilla/5.0 (compatible; Googlebot/2.1; +http://www.google.com/bot.html)"
66.249.65.68 - - [22/Apr/2017:11:22:02 +0700] "GET /libraries/joomla/html/controller/select_device/style.min.css HTTP/1.1" 404 580 "http://www.raovat.banhangonline88.com/noi-that-ngoai-that/noi-that-phong-ngu/product/4353-giay-cau-long-nam-yonex-shb-47c.html" "Mozilla/5.0 (compatible; Googlebot/2.1; +http://www.google.com/bot.html)"
66.249.65.72 - - [22/Apr/2017:11:22:03 +0700] "GET /media/system/css/modal.min.css HTTP/1.1" 404 549 "http://www.raovat.banhangonline88.com/noi-that-ngoai-that/noi-that-phong-ngu/product/4353-giay-cau-long-nam-yonex-shb-47c.html" "Mozilla/5.0 (compatible; Googlebot/2.1; +http://www.google.com/bot.html)"
66.249.65.72 - - [22/Apr/2017:11:22:03 +0700] "GET /libraries/joomla/html/controller/alo_phone/style.min.css HTTP/1.1" 404 575 "http://www.raovat.banhangonline88.com/noi-that-ngoai-that/noi-that-phong-ngu/product/4353-giay-cau-long-nam-yonex-shb-47c.html" "Mozilla/5.0 (compatible; Googlebot/2.1; +http://www.google.com/bot.html)"
66.249.65.68 - - [22/Apr/2017:11:22:04 +0700] "GET /libraries/joomla/html/controller/frontend/location/style.location.min.css HTTP/1.1" 404 592 "http://www.raovat.banhangonline88.com/noi-that-ngoai-that/noi-that-phong-ngu/product/4353-giay-cau-long-nam-yonex-shb-47c.html" "Mozilla/5.0 (compatible; Googlebot/2.1; +http://www.google.com/bot.html)"
66.249.65.76 - - [22/Apr/2017:11:22:04 +0700] "GET /components/com_jchat/css/templates/default.min.css HTTP/1.1" 404 570 "http://www.raovat.banhangonline88.com/noi-that-ngoai-that/noi-that-phong-ngu/product/4353-giay-cau-long-nam-yonex-shb-47c.html" "Mozilla/5.0 (compatible; Googlebot/2.1; +http://www.google.com/bot.html)"
66.249.65.68 - - [22/Apr/2017:11:22:06 +0700] "POST /noi-that-ngoai-that/noi-that-phong-ngu/product/undefinedindex.php?option=com_jchat&format=json HTTP/1.1" 404 585 "http://www.raovat.banhangonline88.com/noi-that-ngoai-that/noi-that-phong-ngu/product/4353-giay-cau-long-nam-yonex-shb-47c.html" "Mozilla/5.0 (compatible; Googlebot/2.1; +http://www.google.com/bot.html)"
5.255.250.97 - - [22/Apr/2017:11:23:08 +0700] "GET /mua-chung/product/3133-may-lam-mat-khong-khi-sumika-d55.html HTTP/1.1" 404 580 "-" "Mozilla/5.0 (compatible; YandexBot/3.0; +http://yandex.com/bots)"
5.255.250.97 - - [22/Apr/2017:11:23:26 +0700] "GET /the-thao/product/5306-ke-go-trang-tri-hinh-3-thanh-ngang-gk-10.html HTTP/1.1" 404 587 "-" "Mozilla/5.0 (compatible; YandexBot/3.0; +http://yandex.com/bots)"
66.249.73.177 - - [22/Apr/2017:11:23:38 +0700] "GET /media/system/js/zozo_tabs_v.6.5/source-flat/zozo.tabs.flat.themes.min.css HTTP/1.1" 404 593 "http://cpanel.banhangonline88.com/cong-nghiep-va-xay-dung/thiet-bi-dien-nuoc/vat-tu-thiet-bi-nuoc/product/6222-seagate-barracuda-160gbsata.html" "Mozilla/5.0 (compatible; Googlebot/2.1; +http://www.google.com/bot.html)"
66.249.73.169 - - [22/Apr/2017:11:23:38 +0700] "GET /media/com_hikaauction/css/frontend_default.min.css HTTP/1.1" 404 570 "http://cpanel.banhangonline88.com/cong-nghiep-va-xay-dung/thiet-bi-dien-nuoc/vat-tu-thiet-bi-nuoc/product/6222-seagate-barracuda-160gbsata.html" "Mozilla/5.0 (compatible; Googlebot/2.1; +http://www.google.com/bot.html)"
66.249.73.169 - - [22/Apr/2017:11:23:39 +0700] "GET /media/system/js/zozo_tabs_v.6.5/source/zozo.tabs.multiline.min.css HTTP/1.1" 404 585 "http://cpanel.banhangonline88.com/cong-nghiep-va-xay-dung/thiet-bi-dien-nuoc/vat-tu-thiet-bi-nuoc/product/6222-seagate-barracuda-160gbsata.html" "Mozilla/5.0 (compatible; Googlebot/2.1; +http://www.google.com/bot.html)"
66.249.73.173 - - [22/Apr/2017:11:23:39 +0700] "GET /media/system/js/zozo_tabs_v.6.5/source-flat/zozo.tabs.flat.min.css HTTP/1.1" 404 586 "http://cpanel.banhangonline88.com/cong-nghiep-va-xay-dung/thiet-bi-dien-nuoc/vat-tu-thiet-bi-nuoc/product/6222-seagate-barracuda-160gbsata.html" "Mozilla/5.0 (compatible; Googlebot/2.1; +http://www.google.com/bot.html)"
66.249.73.177 - - [22/Apr/2017:11:23:40 +0700] "GET /media/system/js/zozo_tabs_v.6.5/source/zozo.tabs.responsive.min.css HTTP/1.1" 404 587 "http://cpanel.banhangonline88.com/cong-nghiep-va-xay-dung/thiet-bi-dien-nuoc/vat-tu-thiet-bi-nuoc/product/6222-seagate-barracuda-160gbsata.html" "Mozilla/5.0 (compatible; Googlebot/2.1; +http://www.google.com/bot.html)"
